/Users/ernest/Library/Python/3.9/lib/python/site-packages/urllib3/__init__.py:35: NotOpenSSLWarning: urllib3 v2 only supports OpenSSL 1.1.1+, currently the 'ssl' module is compiled with 'LibreSSL 2.8.3'. See: https://github.com/urllib3/urllib3/issues/3020
  warnings.warn(
================================================================================
Building comprehensive source lookup...
================================================================================
Loading Portfolio export...
Loading Pages export...
Loaded 238 unique entries

Reading listings for full semantic review...
Processing 388 listings with FULL SEMANTIC REVIEW...
Reviewing descriptions AND accordions for relevance and clarity
================================================================================

  Progress: 50/388 listings processed...


  Progress: 100/388 listings processed...


  Progress: 150/388 listings processed...


  Progress: 200/388 listings processed...


  Progress: 250/388 listings processed...


  Progress: 300/388 listings processed...


  Progress: 350/388 listings processed...


================================================================================
Writing results to CSV/A - to merge- listings-2026-01-02-rewritten.csv...
================================================================================
✅ Complete! Processed 388 listings
✅ Full semantic review complete:
   - Descriptions reviewed and rewritten for clarity
   - Accordions reviewed for relevance to each specific listing
   - Only content that makes logical sense has been retained
