================================================================================
FOCUSED AI ACCORDION REWRITE
Focus: Trails, Hikes, Biking, Fishing, Outdoor, Culture
================================================================================

📂 Loading CSV: CSV/A - to merge- listings-2026-01-02-rewritten.csv
✅ Loaded 388 listings

🔍 Filtering listings...

📊 Filter Results:
   ✅ To process: 61 listings
   ⏭️  Skipped: 327 listings

⏭️  Skipped listings (first 10):
   0: Trager Brothers Coffee 1.0 - Doesn't match focus types
   1: Trager Brothers Coffee 2.0 - Doesn't match focus types
   2: Afton Market - Market/Deli without outdoor focus
   3: Ashley's Market - Market/Deli without outdoor focus
   4: Chicken Coop - Market/Deli without outdoor focus
   5: Colleen Deli - Market/Deli without outdoor focus
   6: Corner Market - Market/Deli without outdoor focus
   7: Graves Grocery & Deli - Market/Deli without outdoor focus
   8: Hickman's Exxon Grocery - Market/Deli without outdoor focus
   9: IGA Blue Ridge Grocery - Market/Deli without outdoor focus

================================================================================
Processing 61 listings...
================================================================================

📝 Processing: Soaring (Activities)
   🔄 Rewriting: Hours & Information
   ✅ Rewritten successfully
      Original: 378 chars → New: 1620 chars

📝 Processing: Skiing & Snowboarding (Activities)
   🔄 Rewriting: Trail Information
   ✅ Rewritten successfully
      Original: 246 chars → New: 907 chars
   🔄 Rewriting: Menu & Offerings
   ✅ Rewritten successfully
      Original: 359 chars → New: 1872 chars

📝 Processing: Swannanoa (Activities)
   🔄 Rewriting: Trail Information
   ✅ Rewritten successfully
      Original: 191 chars → New: 1397 chars

📝 Processing: Drumheller's Orchard (Farms & Orchards)
   🔄 Rewriting: History
   ✅ Rewritten successfully
      Original: 227 chars → New: 1546 chars
   🔄 Rewriting: Contact & Location
   ✅ Rewritten successfully
      Original: 241 chars → New: 1369 chars
   🔄 Rewriting: Amenities & Services
   ✅ Rewritten successfully
      Original: 186 chars → New: 2086 chars

📝 Processing: Caldwell Farms (Farms & Orchards)
   🔄 Rewriting: History
   ✅ Rewritten successfully
      Original: 227 chars → New: 1447 chars
   🔄 Rewriting: Contact & Location
   ✅ Rewritten successfully
      Original: 241 chars → New: 1414 chars
   🔄 Rewriting: Amenities & Services
   ✅ Rewritten successfully
      Original: 186 chars → New: 1415 chars

📝 Processing: Davis Creek Farm (Farms & Orchards)
   🔄 Rewriting: History
   ✅ Rewritten successfully
      Original: 227 chars → New: 1563 chars
   🔄 Rewriting: Contact & Location
   ✅ Rewritten successfully
      Original: 241 chars → New: 693 chars
   🔄 Rewriting: Amenities & Services
   ✅ Rewritten successfully
      Original: 186 chars → New: 1721 chars

📝 Processing: The Apple Shed (Farms & Orchards)
   🔄 Rewriting: History
   ✅ Rewritten successfully
      Original: 227 chars → New: 1394 chars
   🔄 Rewriting: Contact & Location
   ✅ Rewritten successfully
      Original: 241 chars → New: 1222 chars
   🔄 Rewriting: Amenities & Services
   ✅ Rewritten successfully
      Original: 186 chars → New: 1183 chars

📝 Processing: Galleywinter Farm (Farms & Orchards)
   🔄 Rewriting: Important Information
   ✅ Rewritten successfully
      Original: 78 chars → New: 1361 chars
   🔄 Rewriting: Additional Information
   ✅ Rewritten successfully
      Original: 282 chars → New: 1390 chars

📝 Processing: Queen Oaks Farm (Farms & Orchards)
   🔄 Rewriting: History
   ✅ Rewritten successfully
      Original: 113 chars → New: 1478 chars
   🔄 Rewriting: History & Background
   ✅ Rewritten successfully
      Original: 213 chars → New: 1611 chars
   🔄 Rewriting: Amenities & Services
   ✅ Rewritten successfully
      Original: 347 chars → New: 1239 chars

📝 Processing: Three Trees Farm (Farms & Orchards)
   🔄 Rewriting: Menu & Offerings
   ✅ Rewritten successfully
      Original: 375 chars → New: 1673 chars
   🔄 Rewriting: Additional Menu Information
   ✅ Rewritten successfully
      Original: 383 chars → New: 911 chars
   🔄 Rewriting: Hours, Contact & Location
   ✅ Rewritten successfully
      Original: 370 chars → New: 1845 chars

💾 Saving progress... (10/61 processed)

📝 Processing: Fishing the Tye River (Fishing)
   🔄 Rewriting: Trail Information
   ✅ Rewritten successfully
      Original: 226 chars → New: 2048 chars
   ⏭️  Skipping Rules & Guidelines (already rewritten)

📝 Processing: Fishing the James River (Fishing)
   🔄 Rewriting: Trail Information
   ✅ Rewritten successfully
      Original: 226 chars → New: 2215 chars
   ⏭️  Skipping Rules & Guidelines (already rewritten)

📝 Processing: Fishing the Little Piney River (Fishing)
   🔄 Rewriting: Trail Information
   ✅ Rewritten successfully
      Original: 226 chars → New: 1601 chars
   ⏭️  Skipping Rules & Guidelines (already rewritten)

📝 Processing: Fishing the South Rockfish River (Fishing)
   🔄 Rewriting: Trail Information
   ✅ Rewritten successfully
      Original: 226 chars → New: 2221 chars
   ⏭️  Skipping Rules & Guidelines (already rewritten)

📝 Processing: Fishing at Montebello (Fishing)
   🔄 Rewriting: Trail Information
   ✅ Rewritten successfully
      Original: 226 chars → New: 1861 chars
   ⏭️  Skipping Rules & Guidelines (already rewritten)

📝 Processing: Fishing at Lake Monocan Park (Fishing)
   🔄 Rewriting: Trail Information
   ✅ Rewritten successfully
      Original: 226 chars → New: 1924 chars
   ⏭️  Skipping Rules & Guidelines (already rewritten)

📝 Processing: Fishing at Lake Nelson (Fishing)
   🔄 Rewriting: Trail Information
   ✅ Rewritten successfully
      Original: 226 chars → New: 2298 chars
   ⏭️  Skipping Rules & Guidelines (already rewritten)

📝 Processing: Wintergreen Resort Fishing (Fishing)
   🔄 Rewriting: Trail Information
   ✅ Rewritten successfully
      Original: 226 chars → New: 1797 chars
   ⏭️  Skipping Rules & Guidelines (already rewritten)

📝 Processing: Devils Knob Golf Course (Golf)
   🔄 Rewriting: Location & Directions
   ✅ Rewritten successfully
      Original: 130 chars → New: 1563 chars

📝 Processing: Stoney Creek Golf Course (Golf)
   🔄 Rewriting: Location & Directions
   ✅ Rewritten successfully
      Original: 130 chars → New: 1767 chars

💾 Saving progress... (20/61 processed)

📝 Processing: Blue Ridge Tunnel (Hikes & Trails)
   🔄 Rewriting: Area Information
   ✅ Rewritten successfully
      Original: 306 chars → New: 1771 chars
   🔄 Rewriting: Trail Rules & Guidelines
   ✅ Rewritten successfully
      Original: 217 chars → New: 1525 chars
   🔄 Rewriting: Trail Information
   ✅ Rewritten successfully
      Original: 173 chars → New: 1327 chars
   🔄 Rewriting: Trail Features & Amenities
   ✅ Rewritten successfully
      Original: 114 chars → New: 1354 chars

📝 Processing: Mountain Cove Vineyards & Winery (Vineyards & Wineries)
   🔄 Rewriting: History
   ✅ Rewritten successfully
      Original: 227 chars → New: 867 chars
   🔄 Rewriting: Contact & Location
   ✅ Rewritten successfully
      Original: 241 chars → New: 1189 chars
   🔄 Rewriting: Amenities & Services
   ✅ Rewritten successfully
      Original: 186 chars → New: 1303 chars

📝 Processing: Crabtree Falls (Hikes & Trails)
   🔄 Rewriting: Trail Information
   ✅ Rewritten successfully
      Original: 116 chars → New: 1283 chars
   🔄 Rewriting: Area Information
   ✅ Rewritten successfully
      Original: 243 chars → New: 1416 chars
   🔄 Rewriting: Location & Directions
   ✅ Rewritten successfully
      Original: 150 chars → New: 662 chars
   🔄 Rewriting: Additional Trail Information
   ✅ Rewritten successfully
      Original: 286 chars → New: 1639 chars

📝 Processing: Fortune's Cove Nature Preserve (Hikes & Trails)
   🔄 Rewriting: History
   ✅ Rewritten successfully
      Original: 331 chars → New: 758 chars
   🔄 Rewriting: Contact & Location
   ✅ Rewritten successfully
      Original: 241 chars → New: 1243 chars
   🔄 Rewriting: Trail Features & Amenities
   ✅ Rewritten successfully
      Original: 186 chars → New: 1615 chars

📝 Processing: HeartRock Retreat & Homestead (Whole House Rentals)
   🔄 Rewriting: Area Information
   ✅ Rewritten successfully
      Original: 102 chars → New: 1781 chars

📝 Processing: Shamokin Springs Nature Preserve (Hikes & Trails)
   🔄 Rewriting: History
   ✅ Rewritten successfully
      Original: 331 chars → New: 1278 chars
   🔄 Rewriting: Contact & Location
   ✅ Rewritten successfully
      Original: 241 chars → New: 1360 chars
   🔄 Rewriting: Trail Features & Amenities
   ✅ Rewritten successfully
      Original: 186 chars → New: 1338 chars

📝 Processing: Quarry Gardens at Schuyler (Hikes & Trails)
   🔄 Rewriting: History
   ✅ Rewritten successfully
      Original: 113 chars → New: 1763 chars
   🔄 Rewriting: History & Background
   ✅ Rewritten successfully
      Original: 213 chars → New: 1575 chars
   🔄 Rewriting: Trail Features & Amenities
   ✅ Rewritten successfully
      Original: 347 chars → New: 1678 chars

📝 Processing: Nelson 151 (Hikes & Trails)
   🔄 Rewriting: Contact & Location
   ✅ Rewritten successfully
      Original: 279 chars → New: 1455 chars

📝 Processing: Nelson 29 (Hikes & Trails)
   🔄 Rewriting: History
   ✅ Rewritten successfully
      Original: 331 chars → New: 1171 chars
   🔄 Rewriting: Contact & Location
   ✅ Rewritten successfully
      Original: 241 chars → New: 1594 chars
   🔄 Rewriting: Trail Features & Amenities
   ✅ Rewritten successfully
      Original: 186 chars → New: 1312 chars

📝 Processing: Carter's Cottage (Cabins & Cottages)
   🔄 Rewriting: Accommodation Details
   ✅ Rewritten successfully
      Original: 77 chars → New: 1643 chars
   🔄 Rewriting: Important Information
   ✅ Rewritten successfully
      Original: 78 chars → New: 1399 chars
   🔄 Rewriting: Location & Directions
   ✅ Rewritten successfully
      Original: 59 chars → New: 1972 chars

💾 Saving progress... (30/61 processed)

📝 Processing: Meili Mountain (Whole House Rentals)
   🔄 Rewriting: Important Information
   ✅ Rewritten successfully
      Original: 78 chars → New: 1734 chars
   🔄 Rewriting: Trail Information
   ✅ Rewritten successfully
      Original: 56 chars → New: 1507 chars

📝 Processing: Adventure Awaits (Whole House Rentals)
   ⏭️  Skipping Amenities & Features (already rewritten)
   🔄 Rewriting: Menu & Offerings
   ✅ Rewritten successfully
      Original: 339 chars → New: 950 chars
   🔄 Rewriting: Important Information
   ✅ Rewritten successfully
      Original: 78 chars → New: 1881 chars
   🔄 Rewriting: Location & Directions
   ✅ Rewritten successfully
      Original: 71 chars → New: 1157 chars

📝 Processing: Elk Mountain Overlook (Whole House Rentals)
   🔄 Rewriting: Contact & Location
   ✅ Rewritten successfully
      Original: 395 chars → New: 1798 chars
   🔄 Rewriting: Trail Information
   ✅ Rewritten successfully
      Original: 76 chars → New: 1607 chars
   🔄 Rewriting: Important Information
   ✅ Rewritten successfully
      Original: 78 chars → New: 1352 chars
   🔄 Rewriting: Location & Directions
   ✅ Rewritten successfully
      Original: 62 chars → New: 1329 chars

📝 Processing: Cottage on the Trail (Cabins & Cottages)
   🔄 Rewriting: History
   ✅ Rewritten successfully
      Original: 345 chars → New: 1200 chars
   🔄 Rewriting: Hours & Information
   ✅ Rewritten successfully
      Original: 306 chars → New: 1905 chars
   🔄 Rewriting: Important Information
   ✅ Rewritten successfully
      Original: 78 chars → New: 1297 chars
   🔄 Rewriting: Nearby Events & Activities
   ✅ Rewritten successfully
      Original: 59 chars → New: 1450 chars

📝 Processing: Relaxing 3 bedroom Mountain Cabin (Cabins & Cottages)
   🔄 Rewriting: Trail Information
   ✅ Rewritten successfully
      Original: 226 chars → New: 2085 chars
   🔄 Rewriting: Important Information
   ✅ Rewritten successfully
      Original: 78 chars → New: 1299 chars
   🔄 Rewriting: Location & Directions
   ✅ Rewritten successfully
      Original: 58 chars → New: 997 chars

📝 Processing: Mountain Dacha (Whole House Rentals)
   🔄 Rewriting: Important Information
   ✅ Rewritten successfully
      Original: 78 chars → New: 1128 chars
   🔄 Rewriting: Location & Directions
   ✅ Rewritten successfully
      Original: 60 chars → New: 1135 chars

📝 Processing: Mountain Dreams Condo (Whole House Rentals)
   🔄 Rewriting: Accommodation Information
   ✅ Rewritten successfully
      Original: 157 chars → New: 1354 chars
   🔄 Rewriting: Important Information
   ✅ Rewritten successfully
      Original: 78 chars → New: 1382 chars
   🔄 Rewriting: Location & Directions
   ✅ Rewritten successfully
      Original: 70 chars → New: 1401 chars

📝 Processing: Love Ridge Mountain Lodging (Cabins & Cottages)
   ⏭️  Skipping Menu & Offerings (already rewritten)
   🔄 Rewriting: Important Information
   ✅ Rewritten successfully
      Original: 78 chars → New: 2136 chars
   🔄 Rewriting: Location & Directions
   ✅ Rewritten successfully
      Original: 63 chars → New: 1722 chars

📝 Processing: Open Heart Inn (Cabins & Cottages)
   🔄 Rewriting: Menu & Offerings
   ✅ Rewritten successfully
      Original: 296 chars → New: 2137 chars
   🔄 Rewriting: Important Information
   ✅ Rewritten successfully
      Original: 78 chars → New: 1441 chars
   🔄 Rewriting: Hours & Information
   ✅ Rewritten successfully
      Original: 59 chars → New: 1547 chars

📝 Processing: Walton's Mountain Museum (Museums & Heritage)
   🔄 Rewriting: History
   ✅ Rewritten successfully
      Original: 113 chars → New: 1200 chars
   🔄 Rewriting: History & Background
   ✅ Rewritten successfully
      Original: 213 chars → New: 1945 chars
   🔄 Rewriting: Amenities & Services
   ✅ Rewritten successfully
      Original: 347 chars → New: 1502 chars

💾 Saving progress... (40/61 processed)

📝 Processing: D & D's Mountain Home (Whole House Rentals)
   🔄 Rewriting: Hours, Contact & Location
   ✅ Rewritten successfully
      Original: 300 chars → New: 1298 chars
   🔄 Rewriting: Important Information
   ✅ Rewritten successfully
      Original: 78 chars → New: 1118 chars
   🔄 Rewriting: Location & Directions
   ✅ Rewritten successfully
      Original: 70 chars → New: 1666 chars

📝 Processing: Peaceful Mountain Getaway (Whole House Rentals)
   🔄 Rewriting: Contact & Location
   ✅ Rewritten successfully
      Original: 173 chars → New: 1769 chars
   🔄 Rewriting: Important Information
   ✅ Rewritten successfully
      Original: 78 chars → New: 1139 chars
   🔄 Rewriting: Location & Directions
   ✅ Rewritten successfully
      Original: 59 chars → New: 1486 chars

📝 Processing: Mountaintop Overlook (Whole House Rentals)
   🔄 Rewriting: Trail Information
   ✅ Rewritten successfully
      Original: 194 chars → New: 1899 chars
   🔄 Rewriting: Important Information
   ✅ Rewritten successfully
      Original: 78 chars → New: 1370 chars
   🔄 Rewriting: Location & Directions
   ✅ Rewritten successfully
      Original: 65 chars → New: 1242 chars

📝 Processing: Blue Ridge Mountain Retreat (Whole House Rentals)
   🔄 Rewriting: Important Information
   ✅ Rewritten successfully
      Original: 78 chars → New: 2055 chars
   ⏭️  Skipping Menu & Offerings (already rewritten)
   🔄 Rewriting: Location & Directions
   ✅ Rewritten successfully
      Original: 58 chars → New: 1186 chars

📝 Processing: Mountain & Vine Farmhouse (Whole House Rentals)
   🔄 Rewriting: Hours & Information
