/Users/ernest/Library/Python/3.9/lib/python/site-packages/urllib3/__init__.py:35: NotOpenSSLWarning: urllib3 v2 only supports OpenSSL 1.1.1+, currently the 'ssl' module is compiled with 'LibreSSL 2.8.3'. See: https://github.com/urllib3/urllib3/issues/3020
  warnings.warn(
Building comprehensive source lookup...
Loaded 233 unique entries (51 from Pages export)

Processing 388 listings with comprehensive AI-powered review...

================================================================================

[1/388] Trager Brothers Coffee 1.0
  Type: Coffee Shops | Slug: trager-brothers-coffee-1-0
  Researching on nelsoncounty.com...
  - No additional content found online
  ✓ Description rewritten (267 chars)
  ✓ Accordion 1: What to Expect

[2/388] Trager Brothers Coffee 2.0
  Type: Coffee Shops | Slug: trager-brothers-coffee-2-0
  Researching on nelsoncounty.com...
  - No additional content found online
  ✓ Description rewritten (299 chars)
  ✓ Accordion 1: Menu & Offerings
  ✓ Accordion 2: Events & Activities

[3/388] Afton Market
  Type: Markets & Delis | Slug: afton-market
  Researching on nelsoncounty.com...
  - No additional content found online
  ✓ Description rewritten (281 chars)
  ✓ Accordion 1: Additional Information
  ✓ Accordion 2: Events & Activities

[4/388] Ashley's Market
  Type: Markets & Delis | Slug: ashleys-market
  Researching on nelsoncounty.com...
  - No additional content found online
  ✓ Description rewritten (260 chars)
  ✓ Accordion 1: Additional Information
  ✓ Accordion 2: Events & Activities

[5/388] Chicken Coop
  Type: Markets & Delis | Slug: chicken-coop
  Researching on nelsoncounty.com...
  - No additional content found online
  ✓ Description rewritten (262 chars)
  ✓ Accordion 1: What to Expect

[6/388] Colleen Deli
  Type: Markets & Delis | Slug: colleen-deli
  Researching on nelsoncounty.com...
  - No additional content found online
  ✓ Description rewritten (265 chars)
  - No accordions (no valuable non-redundant info)

[7/388] Corner Market
  Type: Markets & Delis | Slug: corner-market
  Researching on nelsoncounty.com...
  - No additional content found online
  ✓ Description rewritten (201 chars)
  ✓ Accordion 1: Information
  ✓ Accordion 2: Menu & Offerings
  ✓ Accordion 3: About

[8/388] Graves Grocery & Deli
  Type: Markets & Delis | Slug: graves-grocery-deli
  Researching on nelsoncounty.com...
  - No additional content found online
  ✓ Description rewritten (268 chars)
  - No accordions (no valuable non-redundant info)

[9/388] Hickman's Exxon Grocery
  Type: Markets & Delis | Slug: hickmans-exxon-grocery
  Researching on nelsoncounty.com...
  - No additional content found online
  ✓ Description rewritten (258 chars)
  ✓ Accordion 1: Additional Information

[10/388] IGA Blue Ridge Grocery
  Type: Markets & Delis | Slug: iga-blue-ridge-grocery
  Researching on nelsoncounty.com...
  - No additional content found online
  ✓ Description rewritten (113 chars)
  - No accordions (no valuable non-redundant info)

[11/388] Ike's Market & Deli
  Type: Markets & Delis | Slug: ikes-market-deli
  Researching on nelsoncounty.com...
  - No additional content found online
  ✓ Description rewritten (254 chars)
  ✓ Accordion 1: About

[12/388] Indian Oven
  Type: Restaurants | Slug: indian-oven
  Researching on nelsoncounty.com...
  - No additional content found online
  ✓ Description rewritten (147 chars)
  ✓ Accordion 1: What to Expect

[13/388] Mac's Country Store
  Type: Markets & Delis | Slug: macs-country-store
  Researching on nelsoncounty.com...
  - No additional content found online
  ✓ Description rewritten (271 chars)
  - No accordions (no valuable non-redundant info)

[14/388] Subway
  Type: Markets & Delis | Slug: subway
  Researching on nelsoncounty.com...
  - No additional content found online
  ✓ Description rewritten (155 chars)
  ✓ Accordion 1: What to Expect

[15/388] The Market at Wintergreen
  Type: Markets & Delis | Slug: the-market-at-wintergreen
  Researching on nelsoncounty.com...
  - No additional content found online
  ✓ Description rewritten (277 chars)
  ✓ Accordion 1: Information

[16/388] Williams Grocery
  Type: Markets & Delis | Slug: williams-grocery
  Researching on nelsoncounty.com...
  - No additional content found online
  ✓ Description rewritten (192 chars)
  ✓ Accordion 1: What to Expect
  ✓ Accordion 2: Information
  ✓ Accordion 3: Menu & Offerings
  ✓ Accordion 4: About

[17/388] Ann's Family Restaurant
  Type: Restaurants | Slug: anns-family-restaurant
  Researching on nelsoncounty.com...
  - No additional content found online
  ✓ Description rewritten (221 chars)
  - No accordions (no valuable non-redundant info)

[18/388] Basic Necessities
  Type: Restaurants | Slug: basic-necessities
  Researching on nelsoncounty.com...
  - No additional content found online
  ✓ Description rewritten (293 chars)
  - No accordions (no valuable non-redundant info)

[19/388] Blue Mountain Brewery
  Type: Breweries & Cideries | Slug: blue-mountain-brewery
  Researching on nelsoncounty.com...
  - No additional content found online
  ✓ Description rewritten (235 chars)
  ✓ Accordion 1: Events & Activities

[20/388] Blue Ridge Pig
  Type: Restaurants | Slug: blue-ridge-pig
  Researching on nelsoncounty.com...
  - No additional content found online
  ✓ Description rewritten (341 chars)
  - No accordions (no valuable non-redundant info)

[21/388] Bold Kitchen at Bold Rock
  Type: Restaurants | Slug: bold-kitchen-at-bold-rock
  Researching on nelsoncounty.com...
  - No additional content found online
  - Description unchanged
  - No accordions (no valuable non-redundant info)

[22/388] Chen's Restaurant
  Type: Restaurants | Slug: chens-restaurant
  Researching on nelsoncounty.com...
  - No additional content found online
  ✓ Description rewritten (81 chars)
  ✓ Accordion 1: What to Expect
  ✓ Accordion 2: Information

[23/388] Chirio's Pizza
  Type: Restaurants | Slug: chirios-pizza
  Researching on nelsoncounty.com...
  - No additional content found online
  ✓ Description rewritten (368 chars)
  - No accordions (no valuable non-redundant info)

[24/388] Coquito Kitchen
  Type: Restaurants | Slug: coquito-kitchen
  Researching on nelsoncounty.com...
  - No additional content found online
  - Description unchanged
  - No accordions (no valuable non-redundant info)

[25/388] Devils Backbone Brewing
  Type: Restaurants | Slug: devils-backbone-brewing
  Researching on nelsoncounty.com...
  - No additional content found online
  ✓ Description rewritten (289 chars)
  - No accordions (no valuable non-redundant info)

[26/388] El Mariachi Mexican Food
  Type: Restaurants | Slug: el-mariachi-mexican-food
  Researching on nelsoncounty.com...
  - No additional content found online
  ✓ Description rewritten (81 chars)
  ✓ Accordion 1: What to Expect
  ✓ Accordion 2: Information

[27/388] Fire & Frost Wood Fired Bakehouse
  Type: Restaurants | Slug: fire-frost-wood-fired-bakehouse
  Researching on nelsoncounty.com...
  - No additional content found online
  ✓ Description rewritten (345 chars)
  - No accordions (no valuable non-redundant info)

[28/388] Iron and Ale
  Type: Restaurants | Slug: iron-and-ale
  Researching on nelsoncounty.com...
  - No additional content found online
  - Description unchanged
  - No accordions (no valuable non-redundant info)

[29/388] McDonald's
  Type: Restaurants | Slug: mcdonalds
  Researching on nelsoncounty.com...
  - No additional content found online
  ✓ Description rewritten (153 chars)
  ✓ Accordion 1: What to Expect
  ✓ Accordion 2: Information

[30/388] Montebello Country Store & Cafe
  Type: Restaurants | Slug: montebello-country-store-cafe
  Researching on nelsoncounty.com...
  - No additional content found online
  - Description unchanged
  - No accordions (no valuable non-redundant info)

[31/388] Paulie's Pig Out
  Type: Restaurants | Slug: paulies-pig-out
  Researching on nelsoncounty.com...
  - No additional content found online
  ✓ Description rewritten (387 chars)
  ✓ Accordion 1: Events & Activities

[32/388] Smokin' Barrel Restaurant
  Type: Restaurants | Slug: smokin-barrel-restaurant
  Researching on nelsoncounty.com...
  - No additional content found online
  ✓ Description rewritten (289 chars)
  - No accordions (no valuable non-redundant info)

[33/388] The Copper Mine Bistro
  Type: Restaurants | Slug: the-copper-mine-bistro
  Researching on nelsoncounty.com...
  - No additional content found online
  - Description unchanged
  - No accordions (no valuable non-redundant info)

[34/388] The Edge
  Type: Restaurants | Slug: the-edge
  Researching on nelsoncounty.com...
  - No additional content found online
  ✓ Description rewritten (139 chars)
  - No accordions (no valuable non-redundant info)

[35/388] The Farmhouse at Veritas
  Type: Restaurants | Slug: the-farmhouse-at-veritas
  Researching on nelsoncounty.com...
  - No additional content found online
  ✓ Description rewritten (383 chars)
  ✓ Accordion 1: Events & Activities

[36/388] Vito's Pizza & Italian Grill
  Type: Restaurants | Slug: vitos-pizza-italian-grill
  Researching on nelsoncounty.com...
  - No additional content found online
  ✓ Description rewritten (81 chars)
  ✓ Accordion 1: What to Expect
  ✓ Accordion 2: Information

[37/388] Black Bear Creamery
  Type: Restaurants | Slug: black-bear-creamery
  Researching on nelsoncounty.com...
  - No additional content found online
  ✓ Description rewritten (105 chars)
  - No accordions (no valuable non-redundant info)

[38/388] Soaring
  Type: Activities | Slug: soaring
  Researching on nelsoncounty.com...
  - No additional content found online
  ✓ Description rewritten (375 chars)
  ✓ Accordion 1: What to Expect

[39/388] Skiing & Snowboarding
  Type: Activities | Slug: skiing-snowboarding
  Researching on nelsoncounty.com...
  - No additional content found online
  ✓ Description rewritten (281 chars)
  ✓ Accordion 1: Menu & Offerings

[40/388] Tennis
  Type: Activities | Slug: tennis
  Researching on nelsoncounty.com...
  - No additional content found online
  ✓ Description rewritten (134 chars)
  - No accordions (no valuable non-redundant info)

[41/388] Blue Mountain Barrel House
  Type: Breweries & Cideries | Slug: blue-mountain-barrel-house
  Researching on nelsoncounty.com...
  - No additional content found online
  ✓ Description rewritten (325 chars)
  - No accordions (no valuable non-redundant info)

[42/388] Blue Toad Hard Cider
  Type: Breweries & Cideries | Slug: blue-toad-hard-cider
  Researching on nelsoncounty.com...
  - No additional content found online
  ✓ Description rewritten (263 chars)
  - No accordions (no valuable non-redundant info)

[43/388] Bold Rock Hard Cider
  Type: Breweries & Cideries | Slug: bold-rock-hard-cider
  Researching on nelsoncounty.com...
  - No additional content found online
  ✓ Description rewritten (257 chars)
  - No accordions (no valuable non-redundant info)

[44/388] Brewing Tree Beer Company
  Type: Breweries & Cideries | Slug: brewing-tree-beer-company
  Researching on nelsoncounty.com...
  - No additional content found online
  ✓ Description rewritten (223 chars)
  ✓ Accordion 1: Events & Activities

[45/388] Bryant's Cider & Brewery
  Type: Breweries & Cideries | Slug: bryants-cider-brewery
  Researching on nelsoncounty.com...
  - No additional content found online
  ✓ Description rewritten (281 chars)
  - No accordions (no valuable non-redundant info)

[46/388] Devils Backbone Brewing Company
  Type: Breweries & Cideries | Slug: devils-backbone-brewing-company
  Researching on nelsoncounty.com...
  - No additional content found online
  ✓ Description rewritten (148 chars)
  - No accordions (no valuable non-redundant info)

[47/388] Outback Brew House
  Type: Breweries & Cideries | Slug: outback-brew-house
  Researching on nelsoncounty.com...
  - No additional content found online
  ✓ Description rewritten (81 chars)
  ✓ Accordion 1: What to Expect
  ✓ Accordion 2: Information

[48/388] Three Notch'd Brewery, Distillery & Craft Kitchen
  Type: Breweries & Cideries | Slug: three-notchd-brewery-distillery-craft-kitchen-nelson-county
  Researching on nelsoncounty.com...
  - No additional content found online
  - Description unchanged
  - No accordions (no valuable non-redundant info)

[49/388] Wild Man Dan Brewery
  Type: Breweries & Cideries | Slug: wild-man-dan-brewery
  Researching on nelsoncounty.com...
  - No additional content found online
  ✓ Description rewritten (344 chars)
  ✓ Accordion 1: Events & Activities

[50/388] Wood Ridge Farm Brewery
  Type: Breweries & Cideries | Slug: wood-ridge-farm-brewery
  Researching on nelsoncounty.com...
  - No additional content found online
  ✓ Description rewritten (81 chars)
  ✓ Accordion 1: What to Expect
  ✓ Accordion 2: Information

  Progress: 50/388 listings processed...

[51/388] Devils Backbone Distilling Co.
  Type: Distilleries | Slug: devils-backbone-distilling-co
  Researching on nelsoncounty.com...
  - No additional content found online
  ✓ Description rewritten (173 chars)
  - No accordions (no valuable non-redundant info)

[52/388] Silverback Distillery
  Type: Distilleries | Slug: silverback-distillery
  Researching on nelsoncounty.com...
  - No additional content found online
  ✓ Description rewritten (413 chars)
  ✓ Accordion 1: Events & Activities

[53/388] Virginia Distillery Co.
  Type: Distilleries | Slug: virginia-distillery-co
  Researching on nelsoncounty.com...
  - No additional content found online
  ✓ Description rewritten (64 chars)
  ✓ Accordion 1: What to Expect
  ✓ Accordion 2: Information

[54/388] Montebello Fish Hatchery
  Type: Activities | Slug: montebello-fish-hatchery
  Researching on nelsoncounty.com...
  - No additional content found online
  ✓ Description rewritten (184 chars)
  - No accordions (no valuable non-redundant info)

[55/388] One Forest
  Type: Activities | Slug: one-forest
  Researching on nelsoncounty.com...
  - No additional content found online
  - Description unchanged
  - No accordions (no valuable non-redundant info)

[56/388] Oak Ridge Estate
  Type: Activities | Slug: oak-ridge-estate
  Researching on nelsoncounty.com...
  - No additional content found online
  ✓ Description rewritten (377 chars)
  - No accordions (no valuable non-redundant info)

[57/388] Swannanoa
  Type: Activities | Slug: swannanoa
  Researching on nelsoncounty.com...
  - No additional content found online
  ✓ Description rewritten (281 chars)
  ✓ Accordion 1: Events & Activities

[58/388] Blue Ridge Fruit Loop
  Type: Activities | Slug: blue-ridge-fruit-loop
  Researching on nelsoncounty.com...
  - No additional content found online
  ✓ Description rewritten (269 chars)
  - No accordions (no valuable non-redundant info)

[59/388] Glass Hollow Studio & Gallery
  Type: Art & Artisans | Slug: glasshollow
  Researching on nelsoncounty.com...
  ✓ Found 1 sections from website
  ✓ Description rewritten (323 chars)
  ✓ Accordion 1: Events & Activities
  ✓ Accordion 2: Events & Activities

[60/388] Blue Ridge Parkway Loops
  Type: Biking | Slug: blue-ridge-parkway-loops
  Researching on nelsoncounty.com...
  - No additional content found online
  ✓ Description rewritten (221 chars)
  - No accordions (no valuable non-redundant info)

[61/388] Oak Ridge Loop
  Type: Biking | Slug: oak-ridge-loop
  Researching on nelsoncounty.com...
  - No additional content found online
  - Description unchanged
  - No accordions (no valuable non-redundant info)

[62/388] Woodson's Mill Loop
  Type: Biking | Slug: woodsons-mill-loop
  Researching on nelsoncounty.com...
  - No additional content found online
  - Description unchanged
  - No accordions (no valuable non-redundant info)

[63/388] Walton's Mountain Museum Loop
  Type: Biking | Slug: waltons-mountain-museum-loop
  Researching on nelsoncounty.com...
  - No additional content found online
  ✓ Description rewritten (135 chars)
  - No accordions (no valuable non-redundant info)

[64/388] Virginia Blue Ridge Railway Trail
  Type: Biking | Slug: virginia-blue-ridge-railway-trail
  Researching on nelsoncounty.com...
  - No additional content found online
  ✓ Description rewritten (259 chars)
  - No accordions (no valuable non-redundant info)

[65/388] Nelson Scenic Loop
  Type: Biking | Slug: nelson-scenic-loop
  Researching on nelsoncounty.com...
  - No additional content found online
  - Description unchanged
  - No accordions (no valuable non-redundant info)

[66/388] Tye River
  Type: Canoeing | Slug: tye-river
  Researching on nelsoncounty.com...
  - No additional content found online
  ✓ Description rewritten (131 chars)
  - No accordions (no valuable non-redundant info)

[67/388] James River
  Type: Canoeing | Slug: james-river
  Researching on nelsoncounty.com...
  - No additional content found online
  ✓ Description rewritten (361 chars)
  - No accordions (no valuable non-redundant info)

[68/388] Rockfish River
  Type: Canoeing | Slug: rockfish-river
  Researching on nelsoncounty.com...
  - No additional content found online
  ✓ Description rewritten (360 chars)
  ✓ Accordion 1: Events & Activities

[69/388] Lake Nelson
  Type: Canoeing | Slug: lake-nelson
  Researching on nelsoncounty.com...
  - No additional content found online
  - Description unchanged
  - No accordions (no valuable non-redundant info)

[70/388] Dickie Brothers Orchard
  Type: Farms & Orchards | Slug: dickie-brothers-orchard
  Researching on nelsoncounty.com...
  - No additional content found online
  ✓ Description rewritten (378 chars)
  - No accordions (no valuable non-redundant info)

[71/388] Drumheller's Orchard
  Type: Farms & Orchards | Slug: drumhellers-orchard
  Researching on nelsoncounty.com...
  - No additional content found online
  ✓ Description rewritten (313 chars)
  ✓ Accordion 1: What to Expect
  ✓ Accordion 2: Information

[72/388] Saunders Brothers Farm Market
  Type: Farms & Orchards | Slug: saunders-brothers-farm-market
  Researching on nelsoncounty.com...
  - No additional content found online
  ✓ Description rewritten (337 chars)
  - No accordions (no valuable non-redundant info)

[73/388] Big Arms Farm
  Type: Farms & Orchards | Slug: big-arms-farm
  Researching on nelsoncounty.com...
  - No additional content found online
  ✓ Description rewritten (382 chars)
  ✓ Accordion 1: What to Expect
  ✓ Accordion 2: Information

[74/388] Caldwell Farms
  Type: Farms & Orchards | Slug: caldwell-farms
  Researching on nelsoncounty.com...
  - No additional content found online
  ✓ Description rewritten (227 chars)
  ✓ Accordion 1: What to Expect
  ✓ Accordion 2: Information

[75/388] Davis Creek Farm
  Type: Farms & Orchards | Slug: davis-creek-farm
  Researching on nelsoncounty.com...
  - No additional content found online
  ✓ Description rewritten (255 chars)
  ✓ Accordion 1: What to Expect
  ✓ Accordion 2: Information

[76/388] Deer Creek Farm
  Type: Farms & Orchards | Slug: deer-creek-farm
  Researching on nelsoncounty.com...
  - No additional content found online
  - Description unchanged
  - No accordions (no valuable non-redundant info)

[77/388] Edible Landscaping
  Type: Farms & Orchards | Slug: edible-landscaping
  Researching on nelsoncounty.com...
  - No additional content found online
  ✓ Description rewritten (318 chars)
  ✓ Accordion 1: Events & Activities

[78/388] Fitzgerald Farms
  Type: Farms & Orchards | Slug: fitzgerald-farms
  Researching on nelsoncounty.com...
  - No additional content found online
  ✓ Description rewritten (209 chars)
  - No accordions (no valuable non-redundant info)

[79/388] Fitzgerald's Orchard
  Type: Farms & Orchards | Slug: fitzgeralds-orchard
  Researching on nelsoncounty.com...
  - No additional content found online
  ✓ Description rewritten (249 chars)
  - No accordions (no valuable non-redundant info)

[80/388] Hungry Hill Farm
  Type: Farms & Orchards | Slug: hungry-hill-farm
  Researching on nelsoncounty.com...
  - No additional content found online
  ✓ Description rewritten (169 chars)
  - No accordions (no valuable non-redundant info)

[81/388] Lost Point Farm
  Type: Farms & Orchards | Slug: lost-point-farm
  Researching on nelsoncounty.com...
  - No additional content found online
  ✓ Description rewritten (130 chars)
  - No accordions (no valuable non-redundant info)

[82/388] Pharsalia
  Type: Farms & Orchards | Slug: pharsalia
  Researching on nelsoncounty.com...
  - No additional content found online
  ✓ Description rewritten (331 chars)
  - No accordions (no valuable non-redundant info)

[83/388] Robinia Institute
  Type: Farms & Orchards | Slug: robinia-institute
  Researching on nelsoncounty.com...
  - No additional content found online
  ✓ Description rewritten (148 chars)
  - No accordions (no valuable non-redundant info)

[84/388] Rose Isle Farm
  Type: Farms & Orchards | Slug: rose-isle-farm
  Researching on nelsoncounty.com...
  - No additional content found online
  ✓ Description rewritten (329 chars)
  - No accordions (no valuable non-redundant info)

[85/388] Seamans' Orchard
  Type: Farms & Orchards | Slug: seamans-orchard
  Researching on nelsoncounty.com...
  - No additional content found online
  ✓ Description rewritten (194 chars)
  - No accordions (no valuable non-redundant info)

[86/388] Silver Creek and Seamans' Orchards
  Type: Farms & Orchards | Slug: silver-creek-and-seamans-orchards
  Researching on nelsoncounty.com...
  - No additional content found online
  ✓ Description rewritten (272 chars)
  - No accordions (no valuable non-redundant info)

[87/388] Silver Creek Orchards
  Type: Farms & Orchards | Slug: silver-creek-orchards
  Researching on nelsoncounty.com...
  - No additional content found online
  ✓ Description rewritten (290 chars)
  - No accordions (no valuable non-redundant info)

[88/388] Silver Fox Lavender Farm
  Type: Farms & Orchards | Slug: silver-fox-lavender-farm
  Researching on nelsoncounty.com...
  - No additional content found online
  ✓ Description rewritten (225 chars)
  - No accordions (no valuable non-redundant info)

[89/388] The Apple Shed
  Type: Farms & Orchards | Slug: the-apple-shed
  Researching on nelsoncounty.com...
  - No additional content found online
  ✓ Description rewritten (75 chars)
  ✓ Accordion 1: What to Expect
  ✓ Accordion 2: Information

[90/388] Tinkerland Farm
  Type: Farms & Orchards | Slug: tinkerland-farm
  Researching on nelsoncounty.com...
  - No additional content found online
  ✓ Description rewritten (109 chars)
  - No accordions (no valuable non-redundant info)

[91/388] Turnip the Beets Farm
  Type: Farms & Orchards | Slug: turnip-the-beets-farm
  Researching on nelsoncounty.com...
  - No additional content found online
  ✓ Description rewritten (208 chars)
  - No accordions (no valuable non-redundant info)

[92/388] Virginia Chestnuts
  Type: Farms & Orchards | Slug: virginia-chestnuts
  Researching on nelsoncounty.com...
  - No additional content found online
  ✓ Description rewritten (139 chars)
  - No accordions (no valuable non-redundant info)

[93/388] Mars Knob Farm
  Type: Farms & Orchards | Slug: marsknob
  Researching on nelsoncounty.com...
  - No additional content found online
  ✓ Description rewritten (120 chars)
  - No accordions (no valuable non-redundant info)

[94/388] Eventide Farm
  Type: Farms & Orchards | Slug: eventidefarm
  Researching on nelsoncounty.com...
  - No additional content found online
  ✓ Description rewritten (253 chars)
  ✓ Accordion 1: Events & Activities

[95/388] Deep Sea Pete's Creekside Farm
  Type: Farms & Orchards | Slug: deep-sea-petes-creekside-farm
  Researching on nelsoncounty.com...
  - No additional content found online
  ✓ Description rewritten (268 chars)
  - No accordions (no valuable non-redundant info)

[96/388] Gathered Threads
  Type: Farms & Orchards | Slug: gathered
  Researching on nelsoncounty.com...
  - No additional content found online
  ✓ Description rewritten (264 chars)
  - No accordions (no valuable non-redundant info)

[97/388] Galleywinter Farm
  Type: Farms & Orchards | Slug: galleywinter
  Researching on nelsoncounty.com...
  - No additional content found online
  ✓ Description rewritten (346 chars)
  ✓ Accordion 1: About

[98/388] Queen Oaks Farm
  Type: Farms & Orchards | Slug: queenoaksfarm
  Researching on nelsoncounty.com...
  - No additional content found online
  ✓ Description rewritten (72 chars)
  ✓ Accordion 1: About

[99/388] Three Trees Farm
  Type: Farms & Orchards | Slug: threetreesfarm
  Researching on nelsoncounty.com...
  - No additional content found online
  ✓ Description rewritten (221 chars)
  ✓ Accordion 1: Menu & Offerings
  ✓ Accordion 2: About
  ✓ Accordion 3: Events & Activities

[100/388] Fishing the Tye River
  Type: Fishing | Slug: fishing-the-tye-river
  Researching on nelsoncounty.com...
  - No additional content found online
  ✓ Description rewritten (364 chars)
  ✓ Accordion 1: Accessibility & Facilities
  ✓ Accordion 2: Additional Information
  ✓ Accordion 3: Accessibility & Facilities
  ✓ Accordion 4: What to Expect

  Progress: 100/388 listings processed...

[101/388] Fishing the James River
  Type: Fishing | Slug: fishing-the-james-river
  Researching on nelsoncounty.com...
  - No additional content found online
  ✓ Description rewritten (263 chars)
  ✓ Accordion 1: Additional Information
  ✓ Accordion 2: Accessibility & Facilities
  ✓ Accordion 3: What to Expect

[102/388] Fishing the Little Piney River
  Type: Fishing | Slug: fishing-the-little-piney-river
  Researching on nelsoncounty.com...
  - No additional content found online
  ✓ Description rewritten (97 chars)
  ✓ Accordion 1: Accessibility & Facilities
  ✓ Accordion 2: Additional Information
  ✓ Accordion 3: Accessibility & Facilities
  ✓ Accordion 4: What to Expect

[103/388] Fishing the South Rockfish River
  Type: Fishing | Slug: fishing-the-south-rockfish-river
  Researching on nelsoncounty.com...
  - No additional content found online
  ✓ Description rewritten (125 chars)
  ✓ Accordion 1: Accessibility & Facilities
  ✓ Accordion 2: Additional Information
  ✓ Accordion 3: Accessibility & Facilities
  ✓ Accordion 4: What to Expect

[104/388] Fishing at Montebello
  Type: Fishing | Slug: fishing-at-montebello
  Researching on nelsoncounty.com...
  - No additional content found online
  ✓ Description rewritten (239 chars)
  ✓ Accordion 1: Accessibility & Facilities
  ✓ Accordion 2: Accessibility & Facilities
  ✓ Accordion 3: What to Expect

[105/388] Fishing at Lake Monocan Park
  Type: Fishing | Slug: fishing-at-lake-monacan-park
  Researching on nelsoncounty.com...
  - No additional content found online
  ✓ Description rewritten (174 chars)
  ✓ Accordion 1: Accessibility & Facilities
  ✓ Accordion 2: Additional Information
  ✓ Accordion 3: Accessibility & Facilities
  ✓ Accordion 4: What to Expect

[106/388] Fishing at Lake Nelson
  Type: Fishing | Slug: fishing-at-lake-nelson
  Researching on nelsoncounty.com...
  - No additional content found online
  ✓ Description rewritten (341 chars)
  ✓ Accordion 1: Accessibility & Facilities
  ✓ Accordion 2: Additional Information
  ✓ Accordion 3: Accessibility & Facilities
  ✓ Accordion 4: What to Expect

[107/388] Wintergreen Resort Fishing
  Type: Fishing | Slug: wintergreen-resort-fishing
  Researching on nelsoncounty.com...
  - No additional content found online
  ✓ Description rewritten (361 chars)
  ✓ Accordion 1: Accessibility & Facilities
  ✓ Accordion 2: Additional Information
  ✓ Accordion 3: Accessibility & Facilities
  ✓ Accordion 4: What to Expect

[108/388] Devils Knob Golf Course
  Type: Golf | Slug: devils-knob-golf-course
  Researching on nelsoncounty.com...
  - No additional content found online
  - Description unchanged
  ✓ Accordion 1: Menu & Offerings

[109/388] Stoney Creek Golf Course
  Type: Golf | Slug: stoney-creek-golf-course
  Researching on nelsoncounty.com...
  - No additional content found online
  - Description unchanged
  ✓ Accordion 1: Menu & Offerings

[110/388] Indian Summer Guide Service
  Type: Horseback Riding | Slug: indian-summer-guide-service
  Researching on nelsoncounty.com...
  - No additional content found online
  ✓ Description rewritten (285 chars)
  - No accordions (no valuable non-redundant info)

[111/388] Allen Creek Nature Preserve
  Type: Hikes & Trails | Slug: allen-creek-nature-preserve
  Researching on nelsoncounty.com...
  - No additional content found online
  ✓ Description rewritten (394 chars)
  - No accordions (no valuable non-redundant info)

[112/388] Appalachian Trail from Rt 56 to Harpers Creek
  Type: Hikes & Trails | Slug: appalachian-trail-from-rt-56-to-harpers-creek
  Researching on nelsoncounty.com...
  - No additional content found online
  ✓ Description rewritten (327 chars)
  - No accordions (no valuable non-redundant info)

[113/388] Blackrock Trail
  Type: Hikes & Trails | Slug: blackrock-trail
  Researching on nelsoncounty.com...
  - No additional content found online
  - Description unchanged
  - No accordions (no valuable non-redundant info)

[114/388] Blue Ridge Tunnel
  Type: Hikes & Trails | Slug: blue-ridge-tunnel
  ✓ Found 2 sections from both CSV
  Researching on nelsoncounty.com...
  ✓ Found 11 sections from website
  ✓ Description rewritten (371 chars)
  ✓ Accordion 1: History & Background
  ✓ Accordion 2: Rules & Guidelines
  ✓ Accordion 3: What to Bring
  ✓ Accordion 4: Frequently Asked Questions

[115/388] Brimstone Trail
  Type: Hikes & Trails | Slug: brimstone-trail
  Researching on nelsoncounty.com...
  - No additional content found online
  ✓ Description rewritten (250 chars)
  - No accordions (no valuable non-redundant info)

[116/388] Cedar Ciffs North Trail
  Type: Hikes & Trails | Slug: cedar-ciffs-north-trail
  Researching on nelsoncounty.com...
  - No additional content found online
  ✓ Description rewritten (289 chars)
  - No accordions (no valuable non-redundant info)

[117/388] Afton Mountain Vineyards
  Type: Vineyards & Wineries | Slug: afton-mountain-vineyards
  Researching on nelsoncounty.com...
  - No additional content found online
  ✓ Description rewritten (346 chars)
  ✓ Accordion 1: Events & Activities

[118/388] Brent Manor Vineyards
  Type: Vineyards & Wineries | Slug: brent-manor-vineyards
  Researching on nelsoncounty.com...
  - No additional content found online
  ✓ Description rewritten (289 chars)
  - No accordions (no valuable non-redundant info)

[119/388] Caihailian Vineyard
  Type: Vineyards & Wineries | Slug: caihailian-vineyard
  Researching on nelsoncounty.com...
  - No additional content found online
  ✓ Description rewritten (223 chars)
  - No accordions (no valuable non-redundant info)

[120/388] Cardinal Point Winery
  Type: Vineyards & Wineries | Slug: cardinal-point-winery
  Researching on nelsoncounty.com...
  - No additional content found online
  ✓ Description rewritten (200 chars)
  ✓ Accordion 1: Events & Activities

[121/388] Flying Fox Vineyards
  Type: Vineyards & Wineries | Slug: flying-fox-vineyards
  Researching on nelsoncounty.com...
  - No additional content found online
  ✓ Description rewritten (231 chars)
  ✓ Accordion 1: Events & Activities

[122/388] Hill Top Winery & Meadery
  Type: Vineyards & Wineries | Slug: hill-top-winery-meadery
  Researching on nelsoncounty.com...
  - No additional content found online
  ✓ Description rewritten (389 chars)
  - No accordions (no valuable non-redundant info)

[123/388] Lovingston Winery
  Type: Vineyards & Wineries | Slug: lovingston-winery
  Researching on nelsoncounty.com...
  - No additional content found online
  ✓ Description rewritten (213 chars)
  ✓ Accordion 1: What to Expect
  ✓ Accordion 2: Information

[124/388] Mountain and Vine Winery
  Type: Vineyards & Wineries | Slug: mountain-and-vine-winery
  Researching on nelsoncounty.com...
  - No additional content found online
  ✓ Description rewritten (224 chars)
  - No accordions (no valuable non-redundant info)

[125/388] Mountain Cove Vineyards & Winery
  Type: Vineyards & Wineries | Slug: mountain-cove-vineyards-winery
  Researching on nelsoncounty.com...
  - No additional content found online
  ✓ Description rewritten (189 chars)
  ✓ Accordion 1: What to Expect
  ✓ Accordion 2: Information

[126/388] Valley Road Vineyards
  Type: Vineyards & Wineries | Slug: valley-road-vineyards
  Researching on nelsoncounty.com...
  - No additional content found online
  ✓ Description rewritten (326 chars)
  ✓ Accordion 1: Events & Activities

[127/388] Veritas Vineyards & Winery
  Type: Vineyards & Wineries | Slug: veritas-vineyards-winery
  Researching on nelsoncounty.com...
  - No additional content found online
  ✓ Description rewritten (439 chars)
  ✓ Accordion 1: Events & Activities

[128/388] Chestnut Springs Trail
  Type: Hikes & Trails | Slug: chestnut-springs-trail
  Researching on nelsoncounty.com...
  - No additional content found online
  ✓ Description rewritten (277 chars)
  - No accordions (no valuable non-redundant info)

[129/388] Crabtree Falls
  Type: Hikes & Trails | Slug: crabtree-falls
  ✓ Found 1 sections from both CSV
  Researching on nelsoncounty.com...
  - No additional content found online
  ✓ Description rewritten (402 chars)
  ✓ Accordion 1: Additional Information
  ✓ Accordion 2: What to Expect
  ✓ Accordion 3: Events & Activities
  ✓ Accordion 4: Menu & Offerings

[130/388] Devils Knob Trail
  Type: Hikes & Trails | Slug: devils-knob-trail
  Researching on nelsoncounty.com...
  - No additional content found online
  ✓ Description rewritten (277 chars)
  - No accordions (no valuable non-redundant info)

[131/388] Fortune's Cove Nature Preserve
  Type: Hikes & Trails | Slug: fortunes-cove-nature-preserve
  Researching on nelsoncounty.com...
  - No additional content found online
  ✓ Description rewritten (361 chars)
  ✓ Accordion 1: Menu & Offerings
  ✓ Accordion 2: What to Expect
  ✓ Accordion 3: Additional Information
  ✓ Accordion 4: Information

[132/388] Fortune's Ridge Trail
  Type: Hikes & Trails | Slug: fortunes-ridge-trail
  Researching on nelsoncounty.com...
  - No additional content found online
  ✓ Description rewritten (295 chars)
  - No accordions (no valuable non-redundant info)

[133/388] Hemlock Springs Loop
  Type: Hikes & Trails | Slug: hemlock-springs-loop
  Researching on nelsoncounty.com...
  - No additional content found online
  ✓ Description rewritten (341 chars)
  - No accordions (no valuable non-redundant info)

[134/388] Highlands Leisure Trail
  Type: Hikes & Trails | Slug: highlands-leisure-trail
  Researching on nelsoncounty.com...
  - No additional content found online
  ✓ Description rewritten (358 chars)
  - No accordions (no valuable non-redundant info)

[135/388] Humpback Rocks
  Type: Hikes & Trails | Slug: humpback-rocks
  Researching on nelsoncounty.com...
  - No additional content found online
  ✓ Description rewritten (316 chars)
  - No accordions (no valuable non-redundant info)

[136/388] James River State Park
  Type: Hikes & Trails | Slug: james-river-state-park
  Researching on nelsoncounty.com...
  - No additional content found online
  ✓ Description rewritten (287 chars)
  - No accordions (no valuable non-redundant info)

[137/388] Kids in Parks: Virginia Blue Ridge Railway Trail
  Type: Hikes & Trails | Slug: kids-in-parks-virginia-blue-ridge-railway-trail
  Researching on nelsoncounty.com...
  - No additional content found online
  ✓ Description rewritten (143 chars)
  - No accordions (no valuable non-redundant info)

[138/388] HeartRock Retreat & Homestead
  Type: Whole House Rentals | Slug: heartrockretreat
  Researching on nelsoncounty.com...
  - No additional content found online
  ✓ Description rewritten (168 chars)
  ✓ Accordion 1: What to Expect

[139/388] Laurel Ridge Loop
  Type: Hikes & Trails | Slug: laurel-ridge-loop
  Researching on nelsoncounty.com...
  - No additional content found online
  ✓ Description rewritten (263 chars)
  - No accordions (no valuable non-redundant info)

[140/388] Inglewood Fine Meats
  Type: Restaurants | Slug: inglewood-fine-meats
  Researching on nelsoncounty.com...
  - No additional content found online
  ✓ Description rewritten (190 chars)
  - No accordions (no valuable non-redundant info)

[141/388] Lower Shamokin Falls Trail
  Type: Hikes & Trails | Slug: lower-shamokin-falls-trail
  Researching on nelsoncounty.com...
  - No additional content found online
  ✓ Description rewritten (283 chars)
  - No accordions (no valuable non-redundant info)

[142/388] Mau-Har Trail
  Type: Hikes & Trails | Slug: mau-har-trail
  Researching on nelsoncounty.com...
  - No additional content found online
  ✓ Description rewritten (289 chars)
  - No accordions (no valuable non-redundant info)

[143/388] Montebello Nature Trail
  Type: Hikes & Trails | Slug: montebello-nature-trail
  Researching on nelsoncounty.com...
  - No additional content found online
  - Description unchanged
  - No accordions (no valuable non-redundant info)

[144/388] Nelson County Wilderness Area
  Type: Hikes & Trails | Slug: nelson-county-wilderness-area
  Researching on nelsoncounty.com...
  - No additional content found online
  ✓ Description rewritten (297 chars)
  - No accordions (no valuable non-redundant info)

[145/388] North Fork of the Piney River
  Type: Hikes & Trails | Slug: north-fork-of-the-piney-river
  Researching on nelsoncounty.com...
  - No additional content found online
  ✓ Description rewritten (249 chars)
  - No accordions (no valuable non-redundant info)

[146/388] Old Appalachian Trail
  Type: Hikes & Trails | Slug: old-appalachian-trail
  Researching on nelsoncounty.com...
  - No additional content found online
  ✓ Description rewritten (250 chars)
  - No accordions (no valuable non-redundant info)

[147/388] Paul's Creek Trail
  Type: Hikes & Trails | Slug: pauls-creek-trail
  Researching on nelsoncounty.com...
  - No additional content found online
  ✓ Description rewritten (268 chars)
  - No accordions (no valuable non-redundant info)

[148/388] Pedlars Edge Trail
  Type: Hikes & Trails | Slug: pedlars-edge-trail
  Researching on nelsoncounty.com...
  - No additional content found online
  ✓ Description rewritten (279 chars)
  - No accordions (no valuable non-redundant info)

[149/388] Pond Hollow Trail
  Type: Hikes & Trails | Slug: pond-hollow-trail
  Researching on nelsoncounty.com...
  - No additional content found online
  ✓ Description rewritten (279 chars)
  - No accordions (no valuable non-redundant info)

[150/388] Ravens Roost Park
  Type: Hikes & Trails | Slug: ravens-roost-park
  Researching on nelsoncounty.com...
  - No additional content found online
  ✓ Description rewritten (292 chars)
  - No accordions (no valuable non-redundant info)

  Progress: 150/388 listings processed...

[151/388] Shamokin Springs Nature Preserve
  Type: Hikes & Trails | Slug: shamokin-springs-nature-preserve
  Researching on nelsoncounty.com...
  - No additional content found online
  ✓ Description rewritten (267 chars)
  ✓ Accordion 1: Menu & Offerings
  ✓ Accordion 2: What to Expect
  ✓ Accordion 3: Additional Information
  ✓ Accordion 4: Information

[152/388] The Plunge
  Type: Hikes & Trails | Slug: the-plunge
  Researching on nelsoncounty.com...
  - No additional content found online
  ✓ Description rewritten (297 chars)
  - No accordions (no valuable non-redundant info)

[153/388] Trillium Field
  Type: Hikes & Trails | Slug: trillium-field
  Researching on nelsoncounty.com...
  - No additional content found online
  ✓ Description rewritten (310 chars)
  - No accordions (no valuable non-redundant info)

[154/388] Upper Shamokin Falls Trail
  Type: Hikes & Trails | Slug: upper-shamokin-falls-trail
  Researching on nelsoncounty.com...
  - No additional content found online
  ✓ Description rewritten (259 chars)
  - No accordions (no valuable non-redundant info)

[155/388] Upper Shamokin Gorge Trail
  Type: Hikes & Trails | Slug: upper-shamokin-gorge-trail
  Researching on nelsoncounty.com...
  - No additional content found online
  ✓ Description rewritten (269 chars)
  - No accordions (no valuable non-redundant info)

[156/388] White Oak Trail
  Type: Hikes & Trails | Slug: white-oak-trail
  Researching on nelsoncounty.com...
  - No additional content found online
  ✓ Description rewritten (280 chars)
  - No accordions (no valuable non-redundant info)

[157/388] White Rock Falls
  Type: Hikes & Trails | Slug: white-rock-falls
  Researching on nelsoncounty.com...
  - No additional content found online
  ✓ Description rewritten (332 chars)
  - No accordions (no valuable non-redundant info)

[158/388] Three Ridges
  Type: Hikes & Trails | Slug: three-ridges
  Researching on nelsoncounty.com...
  - No additional content found online
  ✓ Description rewritten (284 chars)
  - No accordions (no valuable non-redundant info)

[159/388] Stoney Creek Park
  Type: Hikes & Trails | Slug: stoney-creek-park
  Researching on nelsoncounty.com...
  - No additional content found online
  ✓ Description rewritten (249 chars)
  - No accordions (no valuable non-redundant info)

[160/388] Spy Rock
  Type: Hikes & Trails | Slug: spy-rock
  Researching on nelsoncounty.com...
  - No additional content found online
  ✓ Description rewritten (282 chars)
  - No accordions (no valuable non-redundant info)

[161/388] Spruce Creek Park
  Type: Hikes & Trails | Slug: spruce-creek-park
  Researching on nelsoncounty.com...
  - No additional content found online
  ✓ Description rewritten (241 chars)
  - No accordions (no valuable non-redundant info)

[162/388] Rockfish Valley Loop Trails
  Type: Hikes & Trails | Slug: rockfish-valley-loop-trails
  Researching on nelsoncounty.com...
  - No additional content found online
  ✓ Description rewritten (319 chars)
  - No accordions (no valuable non-redundant info)

[163/388] Quarry Gardens at Schuyler
  Type: Hikes & Trails | Slug: quarry-gardens-at-schuyler
  Researching on nelsoncounty.com...
  - No additional content found online
  ✓ Description rewritten (289 chars)
  ✓ Accordion 1: Information
  ✓ Accordion 2: Menu & Offerings
  ✓ Accordion 3: About
  ✓ Accordion 4: What to Expect

[164/388] Kids in Parks: Rockfish River Trailhead
  Type: Hikes & Trails | Slug: kids-in-parks-rockfish-river-trailhead
  Researching on nelsoncounty.com...
  - No additional content found online
  ✓ Description rewritten (311 chars)
  - No accordions (no valuable non-redundant info)

[165/388] Brew Ridge Trail
  Type: Hikes & Trails | Slug: brew-ridge-trail
  Researching on nelsoncounty.com...
  - No additional content found online
  ✓ Description rewritten (181 chars)
  - No accordions (no valuable non-redundant info)

[166/388] Nelson 151
  Type: Hikes & Trails | Slug: nelson-151
  Researching on nelsoncounty.com...
  - No additional content found online
  ✓ Description rewritten (159 chars)
  ✓ Accordion 1: Additional Information

[167/388] Nelson 29
  Type: Hikes & Trails | Slug: nelson-29
  Researching on nelsoncounty.com...
  - No additional content found online
  ✓ Description rewritten (122 chars)
  ✓ Accordion 1: Menu & Offerings
  ✓ Accordion 2: What to Expect
  ✓ Accordion 3: Additional Information
  ✓ Accordion 4: Information

[168/388] Nelson Scoops
  Type: Restaurants | Slug: nelsonscoops
  Researching on nelsoncounty.com...
  - No additional content found online
  ✓ Description rewritten (211 chars)
  ✓ Accordion 1: What to Expect
  ✓ Accordion 2: Information

[169/388] Virginia Spirits Trail
  Type: Hikes & Trails | Slug: virginia-spirits-trail
  Researching on nelsoncounty.com...
  - No additional content found online
  ✓ Description rewritten (236 chars)
  - No accordions (no valuable non-redundant info)

[170/388] Crestvue Cottage
  Type: Cabins & Cottages | Slug: crestvue-cottage
  Researching on nelsoncounty.com...
  - No additional content found online
  ✓ Description rewritten (305 chars)
  - No accordions (no valuable non-redundant info)

[171/388] Sentosa Cabin
  Type: Cabins & Cottages | Slug: sentosa-cabin
  Researching on nelsoncounty.com...
  - No additional content found online
  ✓ Description rewritten (308 chars)
  ✓ Accordion 1: What to Expect

[172/388] Roudy's Retreat
  Type: Whole House Rentals | Slug: roudys-retreat
  Researching on nelsoncounty.com...
  - No additional content found online
  ✓ Description rewritten (229 chars)
  ✓ Accordion 1: What to Expect
  ✓ Accordion 2: Menu & Offerings

[173/388] Pachi's Ridge
  Type: Cabins & Cottages | Slug: pachis-ridge
  Researching on nelsoncounty.com...
  - No additional content found online
  ✓ Description rewritten (319 chars)
  ✓ Accordion 1: What to Expect

[174/388] Boogie Nights Manor
  Type: Cabins & Cottages | Slug: boogie-nights-manor
  Researching on nelsoncounty.com...
  - No additional content found online
  - Description unchanged
  - No accordions (no valuable non-redundant info)

[175/388] The Big Tiny House
  Type: Cabins & Cottages | Slug: the-big-tiny-house
  Researching on nelsoncounty.com...
  - No additional content found online
  ✓ Description rewritten (279 chars)
  ✓ Accordion 1: Events & Activities

[176/388] Rusty's Retreat
  Type: Cabins & Cottages | Slug: rustys-retreat
  Researching on nelsoncounty.com...
  - No additional content found online
  ✓ Description rewritten (280 chars)
  ✓ Accordion 1: Menu & Offerings

[177/388] Village Inn
  Type: Motels & Inns | Slug: village-inn
  Researching on nelsoncounty.com...
  - No additional content found online
  ✓ Description rewritten (72 chars)
  ✓ Accordion 1: What to Expect

[178/388] Cozy Mountain Cottage
  Type: Cabins & Cottages | Slug: cozy-mountain-cottage
  Researching on nelsoncounty.com...
  - No additional content found online
  ✓ Description rewritten (318 chars)
  - No accordions (no valuable non-redundant info)

[179/388] Piedmont Grove Lodging
  Type: Motels & Inns | Slug: piedmont-grove-lodging
  Researching on nelsoncounty.com...
  - No additional content found online
  ✓ Description rewritten (299 chars)
  ✓ Accordion 1: Menu & Offerings
  ✓ Accordion 2: What to Expect

[180/388] Beech Grove Farmhouse
  Type: Cabins & Cottages | Slug: beech-grove-farmhouse
  Researching on nelsoncounty.com...
  - No additional content found online
  ✓ Description rewritten (260 chars)
  ✓ Accordion 1: What to Expect

[181/388] Straw Bale House
  Type: Whole House Rentals | Slug: straw-bale-house
  Researching on nelsoncounty.com...
  - No additional content found online
  ✓ Description rewritten (271 chars)
  ✓ Accordion 1: What to Expect

[182/388] Blue Ridge Bliss
  Type: Whole House Rentals | Slug: blue-ridge-bliss
  Researching on nelsoncounty.com...
  - No additional content found online
  ✓ Description rewritten (197 chars)
  - No accordions (no valuable non-redundant info)

[183/388] Stays at Lovingston Winery
  Type: Cabins & Cottages | Slug: stays-at-lovingston-winery
  Researching on nelsoncounty.com...
  - No additional content found online
  ✓ Description rewritten (249 chars)
  ✓ Accordion 1: Information

[184/388] The Cottage at Pines End
  Type: Cabins & Cottages | Slug: the-cottage-at-pines-end
  Researching on nelsoncounty.com...
  - No additional content found online
  ✓ Description rewritten (325 chars)
  - No accordions (no valuable non-redundant info)

[185/388] Woodson's Mill House
  Type: Whole House Rentals | Slug: woodsons-mill-house
  Researching on nelsoncounty.com...
  - No additional content found online
  ✓ Description rewritten (306 chars)
  ✓ Accordion 1: Menu & Offerings
  ✓ Accordion 2: What to Expect

[186/388] Harmony Hill Bed & Breakfast
  Type: Bed and Breakfast | Slug: harmony-hill-bed-and-breakfast
  Researching on nelsoncounty.com...
  - No additional content found online
  ✓ Description rewritten (327 chars)
  ✓ Accordion 1: What to Expect

[187/388] Spyrock Lodge
  Type: Cabins & Cottages | Slug: spyrock-lodge
  Researching on nelsoncounty.com...
  - No additional content found online
  ✓ Description rewritten (248 chars)
  - No accordions (no valuable non-redundant info)

[188/388] The Retreat at Crabtree Falls
  Type: Cabins & Cottages | Slug: the-retreat-at-crabtree-falls
  Researching on nelsoncounty.com...
  - No additional content found online
  ✓ Description rewritten (380 chars)
  ✓ Accordion 1: Additional Information
  ✓ Accordion 2: What to Expect
  ✓ Accordion 3: Events & Activities
  ✓ Accordion 4: Menu & Offerings

[189/388] Point of View
  Type: Cabins & Cottages | Slug: point-of-view
  Researching on nelsoncounty.com...
  - No additional content found online
  ✓ Description rewritten (160 chars)
  ✓ Accordion 1: Additional Information

[190/388] The Inn at Blue Mountain Brewery
  Type: Cabins & Cottages | Slug: the-inn-at-blue-mountain-brewery
  Researching on nelsoncounty.com...
  - No additional content found online
  ✓ Description rewritten (157 chars)
  ✓ Accordion 1: Events & Activities

[191/388] Gracewood
  Type: Cabins & Cottages | Slug: gracewood
  Researching on nelsoncounty.com...
  - No additional content found online
  ✓ Description rewritten (299 chars)
  ✓ Accordion 1: What to Expect

[192/388] The Chimneys
  Type: Cabins & Cottages | Slug: the-chimneys
  Researching on nelsoncounty.com...
  - No additional content found online
  ✓ Description rewritten (289 chars)
  ✓ Accordion 1: What to Expect

[193/388] The Carriage House at Stagebridge Farm
  Type: Bed and Breakfast | Slug: the-carriage-house-at-stagebridge-farm
  Researching on nelsoncounty.com...
  - No additional content found online
  ✓ Description rewritten (81 chars)
  ✓ Accordion 1: What to Expect
  ✓ Accordion 2: Information

[194/388] Indigo House Bed & Breakfast
  Type: Bed and Breakfast | Slug: indigo-house-bed-and-breakfast
  Researching on nelsoncounty.com...
  - No additional content found online
  ✓ Description rewritten (399 chars)
  ✓ Accordion 1: Information

[195/388] Papa's Cottage
  Type: Cabins & Cottages | Slug: papas-cottage
  Researching on nelsoncounty.com...
  - No additional content found online
  ✓ Description rewritten (305 chars)
  ✓ Accordion 1: What to Expect

[196/388] Meme's Cottage
  Type: Cabins & Cottages | Slug: memes-cottage
  Researching on nelsoncounty.com...
  - No additional content found online
  ✓ Description rewritten (309 chars)
  - No accordions (no valuable non-redundant info)

[197/388] Cheval Circle
  Type: Cabins & Cottages | Slug: cheval-circle
  Researching on nelsoncounty.com...
  - No additional content found online
  ✓ Description rewritten (233 chars)
  ✓ Accordion 1: What to Expect
  ✓ Accordion 2: Menu & Offerings

[198/388] The Wine Cottage
  Type: Cabins & Cottages | Slug: the-wine-cottage
  Researching on nelsoncounty.com...
  - No additional content found online
  ✓ Description rewritten (311 chars)
  ✓ Accordion 1: Events & Activities

[199/388] Carter's Cottage
  Type: Cabins & Cottages | Slug: carters-cottage
  Researching on nelsoncounty.com...
  - No additional content found online
  ✓ Description rewritten (219 chars)
  - No accordions (no valuable non-redundant info)

[200/388] Beech Grove Cottage
  Type: Cabins & Cottages | Slug: beech-grove-cottage
  Researching on nelsoncounty.com...
  - No additional content found online
  ✓ Description rewritten (313 chars)
  ✓ Accordion 1: What to Expect

  Progress: 200/388 listings processed...

[201/388] Montebello Resort
  Type: Cabins & Cottages | Slug: montebello-resort
  Researching on nelsoncounty.com...
  - No additional content found online
  ✓ Description rewritten (259 chars)
  ✓ Accordion 1: What to Expect

[202/388] Freshwater Field Cabin
  Type: Cabins & Cottages | Slug: freshwater-field-cabin
  Researching on nelsoncounty.com...
  - No additional content found online
  ✓ Description rewritten (143 chars)
  ✓ Accordion 1: What to Expect

[203/388] Four Elements Farm
  Type: Whole House Rentals | Slug: four-elements-farm
  Researching on nelsoncounty.com...
  - No additional content found online
  ✓ Description rewritten (331 chars)
  ✓ Accordion 1: What to Expect

[204/388] Time to Wine Down
  Type: Whole House Rentals | Slug: time-to-wine-down
  Researching on nelsoncounty.com...
  - No additional content found online
  ✓ Description rewritten (377 chars)
  ✓ Accordion 1: Menu & Offerings

[205/388] Love Afton Cabin
  Type: Cabins & Cottages | Slug: love-afton-cabin
  Researching on nelsoncounty.com...
  - No additional content found online
  - Description unchanged
  ✓ Accordion 1: Menu & Offerings

[206/388] Meili Mountain
  Type: Whole House Rentals | Slug: meili-mountain
  Researching on nelsoncounty.com...
  - No additional content found online
  ✓ Description rewritten (121 chars)
  - No accordions (no valuable non-redundant info)

[207/388] Adventure Awaits
  Type: Whole House Rentals | Slug: adventure-awaits
  Researching on nelsoncounty.com...
  - No additional content found online
  ✓ Description rewritten (315 chars)
  ✓ Accordion 1: About

[208/388] Wintergreen Ridge Retreat
  Type: Whole House Rentals | Slug: wintergreen-ridge-retreat
  Researching on nelsoncounty.com...
  - No additional content found online
  ✓ Description rewritten (322 chars)
  ✓ Accordion 1: Menu & Offerings

[209/388] Maren Estate
  Type: Cabins & Cottages | Slug: maren-estate
  Researching on nelsoncounty.com...
  - No additional content found online
  ✓ Description rewritten (305 chars)
  - No accordions (no valuable non-redundant info)

[210/388] The Blue Ridge Farm and Wedding Venue
  Type: Cabins & Cottages | Slug: the-blue-ridge-farm-and-wedding-venue
  Researching on nelsoncounty.com...
  - No additional content found online
  ✓ Description rewritten (343 chars)
  ✓ Accordion 1: Events & Activities

[211/388] Acorn Inn, Inc (Cottage, B&B and Group Retreat)
  Type: Bed and Breakfast | Slug: acorn-inn-inc-cottage-bb-and-group-retreat
  Researching on nelsoncounty.com...
  - No additional content found online
  ✓ Description rewritten (335 chars)
  ✓ Accordion 1: What to Expect

[212/388] Cottage at Old Stoney Creek
  Type: Cabins & Cottages | Slug: cottage-at-old-stoney-creek
  Researching on nelsoncounty.com...
  - No additional content found online
  ✓ Description rewritten (266 chars)
  - No accordions (no valuable non-redundant info)

[213/388] Blue Ridge Heaven
  Type: Cabins & Cottages | Slug: blue-ridge-heaven
  Researching on nelsoncounty.com...
  - No additional content found online
  ✓ Description rewritten (320 chars)
  - No accordions (no valuable non-redundant info)

[214/388] Dancing Bear Lodge
  Type: Cabins & Cottages | Slug: dancing-bear-lodge
  Researching on nelsoncounty.com...
  - No additional content found online
  - Description unchanged
  ✓ Accordion 1: Information
  ✓ Accordion 2: Menu & Offerings

[215/388] Windy Knoll
  Type: Cabins & Cottages | Slug: windy-knoll
  Researching on nelsoncounty.com...
  - No additional content found online
  ✓ Description rewritten (291 chars)
  - No accordions (no valuable non-redundant info)

[216/388] Creekside
  Type: Cabins & Cottages | Slug: creekside
  Researching on nelsoncounty.com...
  - No additional content found online
  ✓ Description rewritten (282 chars)
  - No accordions (no valuable non-redundant info)

[217/388] Cottage on Route 151
  Type: Cabins & Cottages | Slug: cottage-on-route-151
  Researching on nelsoncounty.com...
  - No additional content found online
  ✓ Description rewritten (325 chars)
  ✓ Accordion 1: What to Expect

[218/388] Farmhouse on Route 151
  Type: Cabins & Cottages | Slug: farmhouse-on-route-151
  Researching on nelsoncounty.com...
  - No additional content found online
  ✓ Description rewritten (305 chars)
  ✓ Accordion 1: What to Expect

[219/388] The Castor Cabin
  Type: Cabins & Cottages | Slug: the-castor-cabin
  Researching on nelsoncounty.com...
  - No additional content found online
  - Description unchanged
  - No accordions (no valuable non-redundant info)

[220/388] Rocky Run Landing
  Type: Cabins & Cottages | Slug: rocky-run-landing
  Researching on nelsoncounty.com...
  - No additional content found online
  ✓ Description rewritten (282 chars)
  ✓ Accordion 1: What to Expect

[221/388] Cottage on the Knoll
  Type: Cabins & Cottages | Slug: cottage-on-the-knoll
  Researching on nelsoncounty.com...
  - No additional content found online
  ✓ Description rewritten (206 chars)
  ✓ Accordion 1: What to Expect

[222/388] High Lonesome Cabin
  Type: Cabins & Cottages | Slug: high-lonesome-cabin
  Researching on nelsoncounty.com...
  - No additional content found online
  ✓ Description rewritten (365 chars)
  ✓ Accordion 1: What to Expect

[223/388] The Lewis Catherine House
  Type: Cabins & Cottages | Slug: the-lewis-catherine-house
  Researching on nelsoncounty.com...
  - No additional content found online
  - Description unchanged
  ✓ Accordion 1: Events & Activities

[224/388] Glenbrae
  Type: Cabins & Cottages | Slug: glenbrae
  Researching on nelsoncounty.com...
  - No additional content found online
  ✓ Description rewritten (225 chars)
  - No accordions (no valuable non-redundant info)

[225/388] Elk Mountain Overlook
  Type: Whole House Rentals | Slug: elk-mountain-overlook
  Researching on nelsoncounty.com...
  - No additional content found online
  - Description unchanged
  ✓ Accordion 1: Additional Information

[226/388] Ethan's Den
  Type: Whole House Rentals | Slug: ethans-den
  Researching on nelsoncounty.com...
  - No additional content found online
  ✓ Description rewritten (215 chars)
  ✓ Accordion 1: Menu & Offerings

[227/388] The Mountain House INN
  Type: Whole House Rentals | Slug: the-mountain-house-inn
  Researching on nelsoncounty.com...
  - No additional content found online
  - Description unchanged
  - No accordions (no valuable non-redundant info)

[228/388] Sweet Afton
  Type: Cabins & Cottages | Slug: sweet-afton
  Researching on nelsoncounty.com...
  - No additional content found online
  - Description unchanged
  - No accordions (no valuable non-redundant info)

[229/388] Three Sisters Pre-Civil War Log Cabin
  Type: Cabins & Cottages | Slug: three-sisters-pre-civil-war-log-cabin
  Researching on nelsoncounty.com...
  - No additional content found online
  - Description unchanged
  - No accordions (no valuable non-redundant info)

[230/388] Nine Ridges Retreat
  Type: Whole House Rentals | Slug: nine-ridges-retreat
  Researching on nelsoncounty.com...
  - No additional content found online
  - Description unchanged
  ✓ Accordion 1: Menu & Offerings

[231/388] Grace's Place Petite Retreats
  Type: Whole House Rentals | Slug: graces-place-petite-retreats
  Researching on nelsoncounty.com...
  - No additional content found online
  ✓ Description rewritten (206 chars)
  ✓ Accordion 1: Menu & Offerings

[232/388] Cottage on the Trail
  Type: Cabins & Cottages | Slug: cottage-on-the-trail
  Researching on nelsoncounty.com...
  - No additional content found online
  ✓ Description rewritten (251 chars)
  ✓ Accordion 1: What to Expect
  ✓ Accordion 2: Additional Information

[233/388] Rockfish Farmhouse
  Type: Cabins & Cottages | Slug: rockfish-farmhouse
  Researching on nelsoncounty.com...
  - No additional content found online
  - Description unchanged
  ✓ Accordion 1: What to Expect

[234/388] Fulton Belle Vue
  Type: Cabins & Cottages | Slug: fulton-belle-vue
  Researching on nelsoncounty.com...
  - No additional content found online
  - Description unchanged
  ✓ Accordion 1: What to Expect

[235/388] Spindle Hill Farm
  Type: Bed and Breakfast | Slug: spindle-hill-farm
  Researching on nelsoncounty.com...
  - No additional content found online
  - Description unchanged
  ✓ Accordion 1: Menu & Offerings

[236/388] Beech Grove Cabins
  Type: Cabins & Cottages | Slug: beech-grove-cabins
  Researching on nelsoncounty.com...
  - No additional content found online
  ✓ Description rewritten (284 chars)
  ✓ Accordion 1: What to Expect
  ✓ Accordion 2: Menu & Offerings

[237/388] Slipper Slope
  Type: Vacation Rentals | Slug: slipper-slope
  Researching on nelsoncounty.com...
  - No additional content found online
  - Description unchanged
  - No accordions (no valuable non-redundant info)

[238/388] Wintergreen Resort
  Type: Whole House Rentals | Slug: wintergreen-resort-2
  Researching on nelsoncounty.com...
  - No additional content found online
  ✓ Description rewritten (184 chars)
  - No accordions (no valuable non-redundant info)

[239/388] Camp Blue Ridge
  Type: Campgrounds & Glamping | Slug: camp-blue-ridge
  Researching on nelsoncounty.com...
  - No additional content found online
  - Description unchanged
  ✓ Accordion 1: Menu & Offerings
  ✓ Accordion 2: Information

[240/388] Devils Backbone Camp
  Type: Campgrounds & Glamping | Slug: devils-backbone-camp
  Researching on nelsoncounty.com...
  - No additional content found online
  ✓ Description rewritten (319 chars)
  ✓ Accordion 1: Information

[241/388] The Haven at Devils Backbone Camp
  Type: Cabins & Cottages | Slug: the-haven-at-devils-backbone-camp
  Researching on nelsoncounty.com...
  - No additional content found online
  - Description unchanged
  - No accordions (no valuable non-redundant info)

[242/388] Relaxing 3 bedroom Mountain Cabin
  Type: Cabins & Cottages | Slug: relaxing-3-bedroom-mountain-cabin
  Researching on nelsoncounty.com...
  - No additional content found online
  - Description unchanged
  ✓ Accordion 1: Menu & Offerings

[243/388] Mountain Dacha
  Type: Whole House Rentals | Slug: mountain-dacha
  Researching on nelsoncounty.com...
  - No additional content found online
  - Description unchanged
  - No accordions (no valuable non-redundant info)

[244/388] Panoramic Peak - Vistas 1559, Wintergreen
  Type: Whole House Rentals | Slug: panoramic-peak-vistas-1559-wintergreen
  Researching on nelsoncounty.com...
  - No additional content found online
  ✓ Description rewritten (146 chars)
  ✓ Accordion 1: Menu & Offerings

[245/388] Skis and Trees
  Type: Whole House Rentals | Slug: skis-and-trees
  Researching on nelsoncounty.com...
  - No additional content found online
  - Description unchanged
  ✓ Accordion 1: Additional Information

[246/388] Mountain Dreams Condo
  Type: Whole House Rentals | Slug: mountain-dreams-condo
  Researching on nelsoncounty.com...
  - No additional content found online
  - Description unchanged
  ✓ Accordion 1: Information

[247/388] Wintergreen Vistas
  Type: Whole House Rentals | Slug: wintergreen-vistas
  Researching on nelsoncounty.com...
  - No additional content found online
  ✓ Description rewritten (377 chars)
  - No accordions (no valuable non-redundant info)

[248/388] Clonmel Acres
  Type: Cabins & Cottages | Slug: clonmel-acres
  Researching on nelsoncounty.com...
  - No additional content found online
  - Description unchanged
  ✓ Accordion 1: Information

[249/388] Cabin at Clonmel
  Type: Cabins & Cottages | Slug: cabin-at-clonmel
  Researching on nelsoncounty.com...
  - No additional content found online
  ✓ Description rewritten (263 chars)
  ✓ Accordion 1: Additional Information
  ✓ Accordion 2: What to Expect

[250/388] Sleepy Hollow Retreat Enjoy Your Stay
  Type: Whole House Rentals | Slug: sleepy-hollow-retreat-enjoy-your-stay
  Researching on nelsoncounty.com...
  - No additional content found online
  ✓ Description rewritten (220 chars)
  ✓ Accordion 1: What to Expect

  Progress: 250/388 listings processed...

[251/388] Eagles Court Ski In/Ski Out Condo
  Type: Vacation Rentals | Slug: eagles-court-ski-in-ski-out-condo
  Researching on nelsoncounty.com...
  - No additional content found online
  ✓ Description rewritten (291 chars)
  ✓ Accordion 1: Information

[252/388] Wren House
  Type: Cabins & Cottages | Slug: wren-house
  Researching on nelsoncounty.com...
  - No additional content found online
  ✓ Description rewritten (144 chars)
  ✓ Accordion 1: What to Expect

[253/388] WildManDan B&B (Beer centric)
  Type: Bed and Breakfast | Slug: wildmandan-bb-beer-centric
  Researching on nelsoncounty.com...
  - No additional content found online
  - Description unchanged
  ✓ Accordion 1: Menu & Offerings

[254/388] Fenton Inn
  Type: Bed and Breakfast | Slug: fenton-inn
  Researching on nelsoncounty.com...
  - No additional content found online
  ✓ Description rewritten (226 chars)
  ✓ Accordion 1: About
  ✓ Accordion 2: What to Expect

[255/388] Marley's Cabin
  Type: Cabins & Cottages | Slug: marleys-cabin
  Researching on nelsoncounty.com...
  - No additional content found online
  - Description unchanged
  ✓ Accordion 1: Menu & Offerings

[256/388] Cozy & Clean Wintergreen Condo (Tanners Ridge)
  Type: Vacation Rentals | Slug: cozy-clean-wintergreen-condo-tanners-ridge
  Researching on nelsoncounty.com...
  - No additional content found online
  ✓ Description rewritten (204 chars)
  ✓ Accordion 1: What to Expect

[257/388] Remodeled 3BR/2BA Ski Chalet off Tyro Slope
  Type: Whole House Rentals | Slug: remodeled-3br-2ba-ski-chalet-off-tyro-slope
  Researching on nelsoncounty.com...
  - No additional content found online
  ✓ Description rewritten (241 chars)
  ✓ Accordion 1: What to Expect

[258/388] Three Springs Myndus
  Type: Cabins & Cottages | Slug: three-springs-myndus
  Researching on nelsoncounty.com...
  - No additional content found online
  ✓ Description rewritten (242 chars)
  ✓ Accordion 1: What to Expect

[259/388] Lovingston Get-Away
  Type: Cabins & Cottages | Slug: lovingston-get-away
  Researching on nelsoncounty.com...
  - No additional content found online
  ✓ Description rewritten (81 chars)
  ✓ Accordion 1: What to Expect
  ✓ Accordion 2: Information

[260/388] Rock-n-Creek Cabin
  Type: Cabins & Cottages | Slug: rock-n-creek-cabin
  Researching on nelsoncounty.com...
  - No additional content found online
  ✓ Description rewritten (247 chars)
  ✓ Accordion 1: Additional Information
  ✓ Accordion 2: What to Expect

[261/388] The Branch at Afton Mountain Retreat
  Type: Whole House Rentals | Slug: the-branch-at-afton-mountain-retreat
  Researching on nelsoncounty.com...
  - No additional content found online
  ✓ Description rewritten (180 chars)
  ✓ Accordion 1: Events & Activities

[262/388] The Bungalow at Afton Mountain Retreat
  Type: Whole House Rentals | Slug: the-bungalow-at-afton-mountain-retreat
  Researching on nelsoncounty.com...
  - No additional content found online
  ✓ Description rewritten (164 chars)
  ✓ Accordion 1: Events & Activities

[263/388] Avon Hill
  Type: Whole House Rentals | Slug: avon-hill
  Researching on nelsoncounty.com...
  - No additional content found online
  - Description unchanged
  - No accordions (no valuable non-redundant info)

[264/388] A Nellysford Nest
  Type: Cabins & Cottages | Slug: a-nellysford-nest
  Researching on nelsoncounty.com...
  - No additional content found online
  ✓ Description rewritten (143 chars)
  ✓ Accordion 1: What to Expect
  ✓ Accordion 2: About

[265/388] Love Ridge Mountain Lodging
  Type: Cabins & Cottages | Slug: love-ridge-mountain-lodging
  Researching on nelsoncounty.com...
  - No additional content found online
  - Description unchanged
  ✓ Accordion 1: Menu & Offerings
  ✓ Accordion 2: Information

[266/388] Open Heart Inn
  Type: Cabins & Cottages | Slug: open-heart-inn
  Researching on nelsoncounty.com...
  - No additional content found online
  ✓ Description rewritten (330 chars)
  ✓ Accordion 1: Additional Information

[267/388] Hillside Hideaway
  Type: Cabins & Cottages | Slug: hillside-hideaway
  Researching on nelsoncounty.com...
  - No additional content found online
  ✓ Description rewritten (250 chars)
  - No accordions (no valuable non-redundant info)

[268/388] Saddleback Sanctuary
  Type: Cabins & Cottages | Slug: saddleback-sanctuary
  Researching on nelsoncounty.com...
  - No additional content found online
  - Description unchanged
  - No accordions (no valuable non-redundant info)

[269/388] Appalachian Horse Adventures
  Type: Horseback Riding | Slug: appalachian-horse-adventures
  Researching on nelsoncounty.com...
  - No additional content found online
  ✓ Description rewritten (113 chars)
  - No accordions (no valuable non-redundant info)

[270/388] Nonny Cottage
  Type: Cabins & Cottages | Slug: nonny-cottage
  Researching on nelsoncounty.com...
  - No additional content found online
  - Description unchanged
  - No accordions (no valuable non-redundant info)

[271/388] Rebel's Run at Afton Mountain
  Type: Horseback Riding | Slug: rebels-run-at-afton-mountain
  Researching on nelsoncounty.com...
  - No additional content found online
  ✓ Description rewritten (192 chars)
  ✓ Accordion 1: Events & Activities

[272/388] Basecamp 151
  Type: Motels & Inns | Slug: basecamp-151
  Researching on nelsoncounty.com...
  - No additional content found online
  ✓ Description rewritten (162 chars)
  ✓ Accordion 1: Events & Activities

[273/388] Oak Ledge
  Type: Cabins & Cottages | Slug: oak-ledge
  Researching on nelsoncounty.com...
  - No additional content found online
  - Description unchanged
  - No accordions (no valuable non-redundant info)

[274/388] Walton's Mountain Museum
  Type: Museums & Heritage | Slug: waltons-mountain-museum
  Researching on nelsoncounty.com...
  - No additional content found online
  ✓ Description rewritten (104 chars)
  ✓ Accordion 1: About

[275/388] Wintergreen Getaway for Families
  Type: Whole House Rentals | Slug: wintergreen-getaway-for-families
  Researching on nelsoncounty.com...
  - No additional content found online
  ✓ Description rewritten (337 chars)
  ✓ Accordion 1: Information

[276/388] Wintergreen Resort Cabin
  Type: Cabins & Cottages | Slug: wintergreen-resort-cabin
  Researching on nelsoncounty.com...
  - No additional content found online
  ✓ Description rewritten (277 chars)
  ✓ Accordion 1: What to Expect

[277/388] Bluebird Cottage
  Type: Cabins & Cottages | Slug: bluebird-cottage
  Researching on nelsoncounty.com...
  - No additional content found online
  ✓ Description rewritten (255 chars)
  ✓ Accordion 1: What to Expect

[278/388] Bear Tracks Cottage
  Type: Cabins & Cottages | Slug: bear-tracks-cottage
  Researching on nelsoncounty.com...
  - No additional content found online
  - Description unchanged
  ✓ Accordion 1: Menu & Offerings

[279/388] Faber Farmhouse
  Type: Cabins & Cottages | Slug: faber-farmhouse
  Researching on nelsoncounty.com...
  - No additional content found online
  - Description unchanged
  - No accordions (no valuable non-redundant info)

[280/388] Wintergreen - Fairway Woods
  Type: Vacation Rentals | Slug: wintergreen-fairway-woods
  Researching on nelsoncounty.com...
  - No additional content found online
  ✓ Description rewritten (301 chars)
  - No accordions (no valuable non-redundant info)

[281/388] Oakland Museum
  Type: Museums & Heritage | Slug: oakland-museum
  Researching on nelsoncounty.com...
  - No additional content found online
  - Description unchanged
  - No accordions (no valuable non-redundant info)

[282/388] Peaktime
  Type: Whole House Rentals | Slug: peaktime
  Researching on nelsoncounty.com...
  - No additional content found online
  - Description unchanged
  - No accordions (no valuable non-redundant info)

[283/388] Hawthorne
  Type: Cabins & Cottages | Slug: hawthorne
  Researching on nelsoncounty.com...
  - No additional content found online
  ✓ Description rewritten (172 chars)
  ✓ Accordion 1: What to Expect

[284/388] Rockfish Tiny Home
  Type: Whole House Rentals | Slug: rockfish-tiny-home
  Researching on nelsoncounty.com...
  - No additional content found online
  ✓ Description rewritten (197 chars)
  ✓ Accordion 1: What to Expect

[285/388] Tupelo
  Type: Whole House Rentals | Slug: tupelo
  Researching on nelsoncounty.com...
  - No additional content found online
  ✓ Description rewritten (266 chars)
  ✓ Accordion 1: Menu & Offerings
  ✓ Accordion 2: What to Expect

[286/388] The Vu, Afton
  Type: Cabins & Cottages | Slug: the-vu-afton
  Researching on nelsoncounty.com...
  - No additional content found online
  ✓ Description rewritten (282 chars)
  ✓ Accordion 1: Additional Information
  ✓ Accordion 2: What to Expect

[287/388] Serenity Summit
  Type: Whole House Rentals | Slug: serenity-summit
  Researching on nelsoncounty.com...
  - No additional content found online
  ✓ Description rewritten (155 chars)
  ✓ Accordion 1: Additional Information

[288/388] The Wooder House
  Type: Cabins & Cottages | Slug: the-wooder-house
  Researching on nelsoncounty.com...
  - No additional content found online
  - Description unchanged
  - No accordions (no valuable non-redundant info)

[289/388] The Ash House at Holland Hill
  Type: Cabins & Cottages | Slug: the-ash-house-at-holland-hill
  Researching on nelsoncounty.com...
  - No additional content found online
  - Description unchanged
  - No accordions (no valuable non-redundant info)

[290/388] D & D's Mountain Home
  Type: Whole House Rentals | Slug: d-ds-mountain-home
  Researching on nelsoncounty.com...
  - No additional content found online
  ✓ Description rewritten (133 chars)
  - No accordions (no valuable non-redundant info)

[291/388] Bear Creek Inn
  Type: Cabins & Cottages | Slug: bear-creek-inn
  Researching on nelsoncounty.com...
  - No additional content found online
  ✓ Description rewritten (212 chars)
  ✓ Accordion 1: What to Expect

[292/388] Cookie's Place, LLC
  Type: Cabins & Cottages | Slug: cookies-place-llc
  Researching on nelsoncounty.com...
  - No additional content found online
  ✓ Description rewritten (295 chars)
  ✓ Accordion 1: What to Expect

[293/388] Bearfeet Retreat
  Type: Cabins & Cottages | Slug: bearfeet-retreat
  Researching on nelsoncounty.com...
  - No additional content found online
  ✓ Description rewritten (250 chars)
  - No accordions (no valuable non-redundant info)

[294/388] Peaceful Mountain Getaway
  Type: Whole House Rentals | Slug: peaceful-mountain-getaway
  Researching on nelsoncounty.com...
  - No additional content found online
  ✓ Description rewritten (229 chars)
  ✓ Accordion 1: What to Expect

[295/388] The Afton House
  Type: Whole House Rentals | Slug: the-afton-house
  Researching on nelsoncounty.com...
  - No additional content found online
  ✓ Description rewritten (134 chars)
  ✓ Accordion 1: Events & Activities

[296/388] THE LITTLE FARMHOUSE
  Type: Cabins & Cottages | Slug: thelittlefarmhouse
  Researching on nelsoncounty.com...
  - No additional content found online
  ✓ Description rewritten (153 chars)
  ✓ Accordion 1: Events & Activities

[297/388] Mountaintop Overlook
  Type: Whole House Rentals | Slug: mountaintop-overlook
  Researching on nelsoncounty.com...
  - No additional content found online
  - Description unchanged
  ✓ Accordion 1: What to Expect

[298/388] Blue Ridge Mountain Retreat
  Type: Whole House Rentals | Slug: blue-ridge-mountain-retreat
  Researching on nelsoncounty.com...
  - No additional content found online
  - Description unchanged
  - No accordions (no valuable non-redundant info)

[299/388] Mountain & Vine Farmhouse
  Type: Whole House Rentals | Slug: mountain-vine-farmhouse
  Researching on nelsoncounty.com...
  - No additional content found online
  - Description unchanged
  ✓ Accordion 1: What to Expect

[300/388] Mountain & Vine Vineyards Log Cabin
  Type: Cabins & Cottages | Slug: mountain-vine-vineyards-log-cabin
  Researching on nelsoncounty.com...
  - No additional content found online
  ✓ Description rewritten (231 chars)
  ✓ Accordion 1: What to Expect

  Progress: 300/388 listings processed...

[301/388] The Fairway Chalet
  Type: Whole House Rentals | Slug: the-fairway-chalet
  Researching on nelsoncounty.com...
  - No additional content found online
  - Description unchanged
  - No accordions (no valuable non-redundant info)

[302/388] Spruce Creek Garden Cottage
  Type: Cabins & Cottages | Slug: spruce-creek-garden-cottage
  Researching on nelsoncounty.com...
  - No additional content found online
  ✓ Description rewritten (191 chars)
  ✓ Accordion 1: What to Expect

[303/388] Parrs Camp, Mountain Hollow
  Type: Cabins & Cottages | Slug: parrs-camp-mountain-hollow
  Researching on nelsoncounty.com...
  - No additional content found online
  ✓ Description rewritten (336 chars)
  ✓ Accordion 1: About

[304/388] Parr's Camp
  Type: Cabins & Cottages | Slug: parrs-camp
  Researching on nelsoncounty.com...
  - No additional content found online
  ✓ Description rewritten (315 chars)
  ✓ Accordion 1: About

[305/388] Bella Vista
  Type: Cabins & Cottages | Slug: bella-vista
  Researching on nelsoncounty.com...
  - No additional content found online
  - Description unchanged
  ✓ Accordion 1: What to Expect

[306/388] Red, White and Wintergreen
  Type: Whole House Rentals | Slug: red-white-and-wintergreen
  Researching on nelsoncounty.com...
  - No additional content found online
  ✓ Description rewritten (270 chars)
  - No accordions (no valuable non-redundant info)

[307/388] Mountain View Vista
  Type: Whole House Rentals | Slug: mountain-view-vista
  Researching on nelsoncounty.com...
  - No additional content found online
  - Description unchanged
  - No accordions (no valuable non-redundant info)

[308/388] Art & Soul Guesthouse
  Type: Whole House Rentals | Slug: art-soul-guesthouse
  Researching on nelsoncounty.com...
  - No additional content found online
  - Description unchanged
  ✓ Accordion 1: Information
  ✓ Accordion 2: Menu & Offerings

[309/388] Art & Soul Main House
  Type: Whole House Rentals | Slug: art-soul-main-house
  Researching on nelsoncounty.com...
  - No additional content found online
  ✓ Description rewritten (196 chars)
  ✓ Accordion 1: Information
  ✓ Accordion 2: About

[310/388] The Cottage at River Circle Farm
  Type: Cabins & Cottages | Slug: the-cottage-at-river-circle-farm
  Researching on nelsoncounty.com...
  - No additional content found online
  - Description unchanged
  - No accordions (no valuable non-redundant info)

[311/388] Berry Hill Lake
  Type: Cabins & Cottages | Slug: berry-hill-lake
  Researching on nelsoncounty.com...
  - No additional content found online
  - Description unchanged
  ✓ Accordion 1: Menu & Offerings

[312/388] Afton Awaits
  Type: Cabins & Cottages | Slug: afton-awaits
  Researching on nelsoncounty.com...
  - No additional content found online
  ✓ Description rewritten (305 chars)
  ✓ Accordion 1: Menu & Offerings
  ✓ Accordion 2: What to Expect

[313/388] Pilotview Hollow
  Type: Whole House Rentals | Slug: pilotview-hollow
  Researching on nelsoncounty.com...
  - No additional content found online
  ✓ Description rewritten (261 chars)
  ✓ Accordion 1: What to Expect

[314/388] Nelson Cozy Cabin
  Type: Cabins & Cottages | Slug: nelson-cozy-cabin
  Researching on nelsoncounty.com...
  - No additional content found online
  ✓ Description rewritten (242 chars)
  ✓ Accordion 1: What to Expect

[315/388] Kneeling Shepherd
  Type: Cabins & Cottages | Slug: kneeling-shepherd
  Researching on nelsoncounty.com...
  - No additional content found online
  ✓ Description rewritten (257 chars)
  ✓ Accordion 1: What to Expect
  ✓ Accordion 2: Menu & Offerings

[316/388] Kremer Cabin
  Type: Cabins & Cottages | Slug: kremer-cabin
  Researching on nelsoncounty.com...
  - No additional content found online
  ✓ Description rewritten (196 chars)
  - No accordions (no valuable non-redundant info)

[317/388] Stewart's Place
  Type: Whole House Rentals | Slug: stewarts-place
  Researching on nelsoncounty.com...
  - No additional content found online
  - Description unchanged
  - No accordions (no valuable non-redundant info)

[318/388] Boho Cliff House Retreat
  Type: Whole House Rentals | Slug: boho-cliff-house-retreat
  Researching on nelsoncounty.com...
  - No additional content found online
  - Description unchanged
  - No accordions (no valuable non-redundant info)

[319/388] Airkey Boutique Rentals
  Type: Cabins & Cottages | Slug: airkey
  Researching on nelsoncounty.com...
  - No additional content found online
  ✓ Description rewritten (195 chars)
  ✓ Accordion 1: What to Expect
  ✓ Accordion 2: Menu & Offerings

[320/388] Three Ridge Retreat
  Type: Vacation Rentals | Slug: three-ridge-retreat
  Researching on nelsoncounty.com...
  - No additional content found online
  - Description unchanged
  ✓ Accordion 1: What to Expect

[321/388] Sunset Vista Villa
  Type: Whole House Rentals | Slug: sunset-vista-villa
  Researching on nelsoncounty.com...
  - No additional content found online
  - Description unchanged
  ✓ Accordion 1: Menu & Offerings

[322/388] Arrowwood Lane
  Type: Whole House Rentals | Slug: arrowwood-lane
  Researching on nelsoncounty.com...
  - No additional content found online
  - Description unchanged
  - No accordions (no valuable non-redundant info)

[323/388] Winterhaven
  Type: Whole House Rentals | Slug: winterhaven
  Researching on nelsoncounty.com...
  - No additional content found online
  - Description unchanged
  - No accordions (no valuable non-redundant info)

[324/388] 779 Blue Ridge Drive
  Type: Whole House Rentals | Slug: 779-blue-ridge-drive
  Researching on nelsoncounty.com...
  - No additional content found online
  - Description unchanged
  ✓ Accordion 1: What to Expect

[325/388] Belties
  Type: Coffee Shops | Slug: belties
  Researching on nelsoncounty.com...
  - No additional content found online
  ✓ Description rewritten (266 chars)
  - No accordions (no valuable non-redundant info)

[326/388] Ski in Style At Sapphire Squirrel
  Type: Whole House Rentals | Slug: ski-in-style-at-sapphire-squirrel
  Researching on nelsoncounty.com...
  - No additional content found online
  ✓ Description rewritten (365 chars)
  - No accordions (no valuable non-redundant info)

[327/388] The Retreat at Three Ridges
  Type: Whole House Rentals | Slug: the-retreat-at-three-ridges
  Researching on nelsoncounty.com...
  - No additional content found online
  - Description unchanged
  - No accordions (no valuable non-redundant info)

[328/388] Wintergreen Condo 1437 Highlands
  Type: Whole House Rentals | Slug: wintergreen-condo-1437-highlands
  Researching on nelsoncounty.com...
  - No additional content found online
  ✓ Description rewritten (332 chars)
  - No accordions (no valuable non-redundant info)

[329/388] Time Out
  Type: Whole House Rentals | Slug: time-out
  Researching on nelsoncounty.com...
  - No additional content found online
  ✓ Description rewritten (258 chars)
  ✓ Accordion 1: What to Expect

[330/388] Cub Creek Cabin
  Type: Cabins & Cottages | Slug: cub-creek-cabin
  Researching on nelsoncounty.com...
  - No additional content found online
  - Description unchanged
  - No accordions (no valuable non-redundant info)

[331/388] Tyebello Cabins
  Type: Cabins & Cottages | Slug: tyebello-cabins
  Researching on nelsoncounty.com...
  - No additional content found online
  ✓ Description rewritten (299 chars)
  ✓ Accordion 1: Information

[332/388] Glass & Pine
  Type: Cabins & Cottages | Slug: glass-pine
  Researching on nelsoncounty.com...
  - No additional content found online
  ✓ Description rewritten (111 chars)
  ✓ Accordion 1: About

[333/388] Wintergreen 19 Ivy Glen Lane
  Type: Vacation Rentals | Slug: wintergreen-19-ivy-glen-lane
  Researching on nelsoncounty.com...
  - No additional content found online
  ✓ Description rewritten (337 chars)
  ✓ Accordion 1: What to Expect

[334/388] The Brown Bear Lodge
  Type: Whole House Rentals | Slug: the-brown-bear-lodge
  Researching on nelsoncounty.com...
  - No additional content found online
  - Description unchanged
  - No accordions (no valuable non-redundant info)

[335/388] Mountain Home in Nelson County
  Type: Cabins & Cottages | Slug: mountain-home-in-nelson-county
  Researching on nelsoncounty.com...
  - No additional content found online
  ✓ Description rewritten (339 chars)
  ✓ Accordion 1: What to Expect

[336/388] Spy Run Hideaway
  Type: Cabins & Cottages | Slug: spy-run-hideaway
  Researching on nelsoncounty.com...
  - No additional content found online
  ✓ Description rewritten (324 chars)
  - No accordions (no valuable non-redundant info)

[337/388] Love of Mountains Oh Fill My Cup
  Type: Whole House Rentals | Slug: love-of-mountains-oh-fill-my-cup
  Researching on nelsoncounty.com...
  - No additional content found online
  ✓ Description rewritten (237 chars)
  ✓ Accordion 1: What to Expect

[338/388] Marigold on the Mountain
  Type: Whole House Rentals | Slug: marigold-on-the-mountain
  Researching on nelsoncounty.com...
  - No additional content found online
  - Description unchanged
  ✓ Accordion 1: Additional Information

[339/388] Top of The Mountain Hideaway
  Type: Whole House Rentals | Slug: top-of-the-mountain-hideaway
  Researching on nelsoncounty.com...
  - No additional content found online
  - Description unchanged
  ✓ Accordion 1: What to Expect

[340/388] On The Rocks
  Type: Cabins & Cottages | Slug: on-the-rocks
  Researching on nelsoncounty.com...
  - No additional content found online
  - Description unchanged
  - No accordions (no valuable non-redundant info)

[341/388] Our Mountain Getaway
  Type: Whole House Rentals | Slug: our-mountain-getaway
  Researching on nelsoncounty.com...
  - No additional content found online
  ✓ Description rewritten (291 chars)
  - No accordions (no valuable non-redundant info)

[342/388] Rockfish Cabin
  Type: Cabins & Cottages | Slug: rockfish-cabin
  Researching on nelsoncounty.com...
  - No additional content found online
  ✓ Description rewritten (363 chars)
  ✓ Accordion 1: Additional Information
  ✓ Accordion 2: What to Expect

[343/388] Blue Ridge Cabin
  Type: Cabins & Cottages | Slug: blue-ridge-cabin
  Researching on nelsoncounty.com...
  - No additional content found online
  ✓ Description rewritten (385 chars)
  ✓ Accordion 1: What to Expect
  ✓ Accordion 2: Information

[344/388] Wintergreen Duplex
  Type: Whole House Rentals | Slug: wintergreen-duplex
  Researching on nelsoncounty.com...
  - No additional content found online
  - Description unchanged
  ✓ Accordion 1: What to Expect

[345/388] Sunrise on the Trail
  Type: Cabins & Cottages | Slug: sunrise-on-the-trail
  Researching on nelsoncounty.com...
  - No additional content found online
  ✓ Description rewritten (369 chars)
  ✓ Accordion 1: Menu & Offerings
  ✓ Accordion 2: What to Expect

[346/388] Mima's Mountain House
  Type: Whole House Rentals | Slug: mimas-mountain-house
  Researching on nelsoncounty.com...
  - No additional content found online
  ✓ Description rewritten (337 chars)
  ✓ Accordion 1: Menu & Offerings

[347/388] Village Antiques
  Type: Restaurants | Slug: villageantiques
  Researching on nelsoncounty.com...
  - No additional content found online
  ✓ Description rewritten (115 chars)
  ✓ Accordion 1: What to Expect
  ✓ Accordion 2: Information

[348/388] Cliffs Edge
  Type: Whole House Rentals | Slug: cliffs-edge
  Researching on nelsoncounty.com...
  - No additional content found online
  ✓ Description rewritten (310 chars)
  ✓ Accordion 1: Additional Information
  ✓ Accordion 2: Information

[349/388] Slopes At Tyro
  Type: Whole House Rentals | Slug: slopes-at-tyro
  Researching on nelsoncounty.com...
  - No additional content found online
  ✓ Description rewritten (221 chars)
  - No accordions (no valuable non-redundant info)

[350/388] Home on the Ridge
  Type: Whole House Rentals | Slug: home-on-the-ridge
  Researching on nelsoncounty.com...
  - No additional content found online
  ✓ Description rewritten (344 chars)
  - No accordions (no valuable non-redundant info)

  Progress: 350/388 listings processed...

[351/388] Peppers Mountain Pad
  Type: Vacation Rentals | Slug: peppers-mountain-pad
  Researching on nelsoncounty.com...
  - No additional content found online
  ✓ Description rewritten (375 chars)
  ✓ Accordion 1: Menu & Offerings

[352/388] Rockfish Valley Retreat
  Type: Whole House Rentals | Slug: rockfish-valley-retreat
  Researching on nelsoncounty.com...
  - No additional content found online
  ✓ Description rewritten (333 chars)
  - No accordions (no valuable non-redundant info)

[353/388] Dobie Condo 323 at Wintergreen
  Type: Whole House Rentals | Slug: dobie-condo-323-at-wintergreen
  Researching on nelsoncounty.com...
  - No additional content found online
  ✓ Description rewritten (315 chars)
  - No accordions (no valuable non-redundant info)

[354/388] Highlands 1426 Condo
  Type: Whole House Rentals | Slug: highlands-1426-condo
  Researching on nelsoncounty.com...
  - No additional content found online
  ✓ Description rewritten (333 chars)
  ✓ Accordion 1: Additional Information
  ✓ Accordion 2: What to Expect

[355/388] Gumtree Drive 134
  Type: Cabins & Cottages | Slug: gumtree-drive-134
  Researching on nelsoncounty.com...
  - No additional content found online
  ✓ Description rewritten (321 chars)
  - No accordions (no valuable non-redundant info)

[356/388] Wake In The Clouds
  Type: Whole House Rentals | Slug: wake-in-the-clouds
  Researching on nelsoncounty.com...
  - No additional content found online
  ✓ Description rewritten (295 chars)
  - No accordions (no valuable non-redundant info)

[357/388] Nectar Landing
  Type: Whole House Rentals | Slug: nectar-landing
  Researching on nelsoncounty.com...
  - No additional content found online
  ✓ Description rewritten (343 chars)
  ✓ Accordion 1: What to Expect
  ✓ Accordion 2: Additional Information

[358/388] Nelson 151 Views and Brews
  Type: Whole House Rentals | Slug: nelson-151-views-and-brews
  Researching on nelsoncounty.com...
  - No additional content found online
  ✓ Description rewritten (373 chars)
  ✓ Accordion 1: What to Expect

[359/388] Woodland Hideaway
  Type: Whole House Rentals | Slug: woodland-hideaway
  Researching on nelsoncounty.com...
  - No additional content found online
  - Description unchanged
  - No accordions (no valuable non-redundant info)

[360/388] Cuatro Climas At 130 Pedlars Point
  Type: Whole House Rentals | Slug: cuatro-climas-at-130-pedlars-point
  Researching on nelsoncounty.com...
  - No additional content found online
  ✓ Description rewritten (334 chars)
  - No accordions (no valuable non-redundant info)

[361/388] Rockfish River Ranch Guest House
  Type: Bed and Breakfast | Slug: rockfish-river-ranch-guest-house
  Researching on nelsoncounty.com...
  - No additional content found online
  ✓ Description rewritten (342 chars)
  ✓ Accordion 1: Additional Information

[362/388] The Treetops Lodge
  Type: Cabins & Cottages | Slug: the-treetops-lodge
  Researching on nelsoncounty.com...
  - No additional content found online
  ✓ Description rewritten (338 chars)
  ✓ Accordion 1: Menu & Offerings
  ✓ Accordion 2: What to Expect
  ✓ Accordion 3: Additional Information
  ✓ Accordion 4: Information

[363/388] Cabin on Eagles Ridge Road
  Type: Cabins & Cottages | Slug: cabin-on-eagles-ridge-road
  Researching on nelsoncounty.com...
  - No additional content found online
  ✓ Description rewritten (332 chars)
  - No accordions (no valuable non-redundant info)

[364/388] 1639 Overlook
  Type: Vacation Rentals | Slug: 1639-overlook
  Researching on nelsoncounty.com...
  - No additional content found online
  - Description unchanged
  - No accordions (no valuable non-redundant info)

[365/388] Foxfire Cottage
  Type: Cabins & Cottages | Slug: foxfire-cottage
  Researching on nelsoncounty.com...
  - No additional content found online
  ✓ Description rewritten (229 chars)
  ✓ Accordion 1: What to Expect

[366/388] The Ski House
  Type: Whole House Rentals | Slug: the-ski-house
  Researching on nelsoncounty.com...
  - No additional content found online
  - Description unchanged
  - No accordions (no valuable non-redundant info)

[367/388] 1566 Vistas Condo
  Type: Whole House Rentals | Slug: 1566-vistas-condo
  Researching on nelsoncounty.com...
  - No additional content found online
  ✓ Description rewritten (313 chars)
  - No accordions (no valuable non-redundant info)

[368/388] Afton Mountain Inn
  Type: Bed and Breakfast | Slug: afton-mountain-inn
  Researching on nelsoncounty.com...
  - No additional content found online
  ✓ Description rewritten (420 chars)
  ✓ Accordion 1: Menu & Offerings
  ✓ Accordion 2: Additional Information

[369/388] M 260
  Type: Cabins & Cottages | Slug: m-260
  Researching on nelsoncounty.com...
  - No additional content found online
  ✓ Description rewritten (301 chars)
  ✓ Accordion 1: What to Expect

[370/388] Sanctuary Retreat Center
  Type: Whole House Rentals | Slug: sanctuaryretreatcenter
  Researching on nelsoncounty.com...
  - No additional content found online
  ✓ Description rewritten (231 chars)
  ✓ Accordion 1: Information

[371/388] Trinacria Restaurant & Pizzeria
  Type: Restaurants | Slug: trinacria
  Researching on nelsoncounty.com...
  - No additional content found online
  - Description unchanged
  - No accordions (no valuable non-redundant info)

[372/388] Rockfish Valley Farm Guest House
  Type: Bed and Breakfast | Slug: rockfish-valley-farm-guest-house
  Researching on nelsoncounty.com...
  - No additional content found online
  ✓ Description rewritten (344 chars)
  ✓ Accordion 1: What to Expect

[373/388] Shenandoah Ridge 11
  Type: Whole House Rentals | Slug: shenandoah-ridge-11
  Researching on nelsoncounty.com...
  - No additional content found online
  - Description unchanged
  - No accordions (no valuable non-redundant info)

[374/388] Inn at the Woods
  Type: Cabins & Cottages | Slug: inn-at-the-woods
  Researching on nelsoncounty.com...
  - No additional content found online
  - Description unchanged
  - No accordions (no valuable non-redundant info)

[375/388] Country Cottage
  Type: Cabins & Cottages | Slug: country-cottage
  Researching on nelsoncounty.com...
  - No additional content found online
  - Description unchanged
  - No accordions (no valuable non-redundant info)

[376/388] The View at Crawfords Edge
  Type: Whole House Rentals | Slug: the-view-at-crawfords-edge
  Researching on nelsoncounty.com...
  - No additional content found online
  - Description unchanged
  - No accordions (no valuable non-redundant info)

[377/388] Altitude Adjustment
  Type: Whole House Rentals | Slug: altitude-adjustment
  Researching on nelsoncounty.com...
  - No additional content found online
  ✓ Description rewritten (230 chars)
  ✓ Accordion 1: Menu & Offerings

[378/388] Chateau Greenstone
  Type: Whole House Rentals | Slug: chateau-greenstone
  Researching on nelsoncounty.com...
  - No additional content found online
  ✓ Description rewritten (344 chars)
  ✓ Accordion 1: Additional Information
  ✓ Accordion 2: What to Expect

[379/388] Blue Sky Retreat
  Type: Whole House Rentals | Slug: blue-sky-retreat
  Researching on nelsoncounty.com...
  - No additional content found online
  ✓ Description rewritten (335 chars)
  ✓ Accordion 1: What to Expect

[380/388] The Treehouse
  Type: Whole House Rentals | Slug: thetreehouse
  Researching on nelsoncounty.com...
  - No additional content found online
  ✓ Description rewritten (394 chars)
  ✓ Accordion 1: Events & Activities

[381/388] Woodson's Mill
  Type: Museums & Heritage | Slug: woodsons-mill
  Researching on nelsoncounty.com...
  - No additional content found online
  ✓ Description rewritten (277 chars)
  - No accordions (no valuable non-redundant info)

[382/388] Rockfish Valley Natural History Center
  Type: Museums & Heritage | Slug: rockfish-valley-natural-history-center
  Researching on nelsoncounty.com...
  - No additional content found online
  ✓ Description rewritten (269 chars)
  - No accordions (no valuable non-redundant info)

[383/388] The Goldfinch
  Type: Cabins & Cottages | Slug: the-goldfinch
  Researching on nelsoncounty.com...
  - No additional content found online
  ✓ Description rewritten (335 chars)
  ✓ Accordion 1: Events & Activities

[384/388] Swimming
  Type: Swimming | Slug: swimming
  Researching on nelsoncounty.com...
  - No additional content found online
  ✓ Description rewritten (130 chars)
  - No accordions (no valuable non-redundant info)

[385/388] Rockwell Ridge Inn
  Type: Cabins & Cottages | Slug: rockwellridgeinn
  Researching on nelsoncounty.com...
  - No additional content found online
  ✓ Description rewritten (395 chars)
  ✓ Accordion 1: Events & Activities

[386/388] Everett Estate
  Type: Whole House Rentals | Slug: everettestate
  Researching on nelsoncounty.com...
  - No additional content found online
  ✓ Description rewritten (157 chars)
  ✓ Accordion 1: Menu & Offerings

[387/388] Don Lupe Mexican Restaurant
  Type: Restaurants | Slug: donlupe
  Researching on nelsoncounty.com...
  - No additional content found online
  ✓ Description rewritten (252 chars)
  - No accordions (no valuable non-redundant info)

[388/388] 12 Ridges Vineyard
  Type: Vineyards & Wineries | Slug: 12-ridges-vineyard
  Researching on nelsoncounty.com...
  - No additional content found online
  ✓ Description rewritten (302 chars)
  - No accordions (no valuable non-redundant info)

================================================================================
Writing results to CSV/A - to merge- listings-2026-01-02-rewritten.csv...
✅ Complete! Processed 388 listings
✅ Output written to: CSV/A - to merge- listings-2026-01-02-rewritten.csv
